Component: ARM Compiler 5.06 update 2 (build 183) Tool: armlink [4d35b7]

==============================================================================

Section Cross References

    main.o(i.main) refers to app_init.o(i.app_init) for app_init
    main.o(i.main) refers to bsp_dac.o(i.bsp_dac_init) for bsp_dac_init
    main.o(i.main) refers to bsp_dac.o(i.bsp_dac_get_voltage) for bsp_dac_get_voltage
    main.o(i.main) refers to bsp_dac.o(i.bsp_dac_set_voltage) for bsp_dac_set_voltage
    main.o(i.main) refers to stm32f1xx_hal.o(i.HAL_Delay) for HAL_Delay
    app_run.o(i.app_run) refers to bsp_tim2_events.o(i.bsp_tim2_events_register_event) for bsp_tim2_events_register_event
    app_run.o(i.app_run) refers to debug_print.o(i.debug_assert_failed) for debug_assert_failed
    app_run.o(i.app_run) refers to bsp_spi1_dma.o(i.bsp_spi1_dma_enable_rx) for bsp_spi1_dma_enable_rx
    app_run.o(i.app_run) refers to printf3.o(i.__0printf$3) for __2printf
    app_run.o(i.app_run) refers to stm32f1xx_hal_cortex.o(i.HAL_NVIC_DisableIRQ) for HAL_NVIC_DisableIRQ
    app_run.o(i.app_run) refers to modbus_control.o(i.modbus_rtu_callback_handler) for modbus_rtu_callback_handler
    app_run.o(i.app_run) refers to stm32f1xx_hal_cortex.o(i.HAL_NVIC_EnableIRQ) for HAL_NVIC_EnableIRQ
    app_run.o(i.app_run) refers to app_run.o(i.app_update_status_register) for app_update_status_register
    app_run.o(i.app_run) refers to app_callbacks.o(.data) for g_flag_new_command
    app_run.o(i.app_run) refers to modbus_register.o(.bss) for g_holding_reg_table
    app_run.o(i.app_update_status_register) refers to printf3.o(i.__0printf$3) for __2printf
    app_run.o(i.app_update_status_register) refers to stm32vl_discovery.o(i.BSP_LED_Toggle) for BSP_LED_Toggle
    app_init.o(i.SysTick_Handler) refers to stm32f1xx_hal.o(i.HAL_IncTick) for HAL_IncTick
    app_init.o(i.app_init) refers to stm32f1xx_hal.o(i.HAL_Init) for HAL_Init
    app_init.o(i.app_init) refers to memseta.o(.text) for __aeabi_memclr4
    app_init.o(i.app_init) refers to stm32f1xx_hal_rcc.o(i.HAL_RCC_OscConfig) for HAL_RCC_OscConfig
    app_init.o(i.app_init) refers to stm32f1xx_hal_rcc.o(i.HAL_RCC_ClockConfig) for HAL_RCC_ClockConfig
    app_init.o(i.app_init) refers to stm32vl_discovery.o(i.BSP_LED_Init) for BSP_LED_Init
    app_init.o(i.app_init) refers to bsp_spi1_dma.o(i.bsp_spi1_dma_init) for bsp_spi1_dma_init
    app_init.o(i.app_init) refers to bsp_spi1_dma.o(i.bsp_spi1_dma_set_rx_size) for bsp_spi1_dma_set_rx_size
    app_init.o(i.app_init) refers to bsp_tim1_pwm.o(i.bsp_tim1_pwm_init) for bsp_tim1_pwm_init
    app_init.o(i.app_init) refers to bsp_tim1_pwm.o(i.bsp_tim1_pwm_set_resolution) for bsp_tim1_pwm_set_resolution
    app_init.o(i.app_init) refers to bsp_tim1_pwm.o(i.bsp_tim1_pwm_set_period) for bsp_tim1_pwm_set_period
    app_init.o(i.app_init) refers to bsp_tim1_pwm.o(i.bsp_tim1_pwm_set_duty_cycle) for bsp_tim1_pwm_set_duty_cycle
    app_init.o(i.app_init) refers to stm32f1xx_hal.o(i.HAL_Delay) for HAL_Delay
    app_init.o(i.app_init) refers to bsp_tim3_ic.o(i.bsp_tim4_ic_init) for bsp_tim4_ic_init
    app_init.o(i.app_init) refers to bsp_tim3_ic.o(i.bsp_tim4_ic_set_resolution) for bsp_tim4_ic_set_resolution
    app_init.o(i.app_init) refers to bsp_tim3_ic.o(i.bsp_tim4_ic_set_limit) for bsp_tim4_ic_set_limit
    app_init.o(i.app_init) refers to bsp_tim2_events.o(i.bsp_tim2_events_init) for bsp_tim2_events_init
    app_init.o(i.app_init) refers to modbus_control.o(i.modbus_rtu_init) for modbus_rtu_init
    app_init.o(i.app_init) refers to modbus_control.o(i.modbus_rtu_disable_callback_handler) for modbus_rtu_disable_callback_handler
    app_init.o(i.app_init) refers to app_callbacks.o(i.modbus_register_init) for modbus_register_init
    app_init.o(i.app_init) refers to debug_print.o(i.debug_init) for debug_init
    app_init.o(i.app_init) refers to app_callbacks.o(i.spi1_dma_rx_callback) for spi1_dma_rx_callback
    app_init.o(i.app_init) refers to app_callbacks.o(i.spi1_dma_tx_callback) for spi1_dma_tx_callback
    app_init.o(i.app_init) refers to app_callbacks.o(i.modbus_tx_wrapper) for modbus_tx_wrapper
    app_init.o(i.app_init) refers to app_callbacks.o(i.modbus_rx_wrapper) for modbus_rx_wrapper
    app_init.o(i.app_init) refers to bsp_uart1.o(i.bsp_uart1_put_byte) for bsp_uart1_put_byte
    app_callbacks.o(i.app_callback_cnt_ch1) refers to printf3.o(i.__0printf$3) for __2printf
    app_callbacks.o(i.app_callback_cnt_ch1) refers to bsp_tim3_ic.o(i.bsp_tim4_ic_set_limit) for bsp_tim4_ic_set_limit
    app_callbacks.o(i.app_callback_cnt_ch2) refers to printf3.o(i.__0printf$3) for __2printf
    app_callbacks.o(i.app_callback_cnt_ch2) refers to bsp_tim3_ic.o(i.bsp_tim4_ic_set_limit) for bsp_tim4_ic_set_limit
    app_callbacks.o(i.app_callback_cnt_ch3) refers to printf3.o(i.__0printf$3) for __2printf
    app_callbacks.o(i.app_callback_cnt_ch3) refers to bsp_tim3_ic.o(i.bsp_tim4_ic_set_limit) for bsp_tim4_ic_set_limit
[...]
    Removing stm32f1xx_hal_tim.o(i.HAL_TIM_PWM_Start_IT), (128 bytes).
    Removing stm32f1xx_hal_tim.o(i.HAL_TIM_PWM_Stop), (112 bytes).
    Removing stm32f1xx_hal_tim.o(i.HAL_TIM_PWM_Stop_DMA), (164 bytes).
    Removing stm32f1xx_hal_tim.o(i.HAL_TIM_PWM_Stop_IT), (156 bytes).
    Removing stm32f1xx_hal_tim.o(i.HAL_TIM_PeriodElapsedCallback), (2 bytes).
    Removing stm32f1xx_hal_tim.o(i.HAL_TIM_ReadCapturedValue), (68 bytes).
    Removing stm32f1xx_hal_tim.o(i.HAL_TIM_SlaveConfigSynchronization), (66 bytes).
    Removing stm32f1xx_hal_tim.o(i.HAL_TIM_SlaveConfigSynchronization_IT), (66 bytes).
    Removing stm32f1xx_hal_tim.o(i.HAL_TIM_TriggerCallback), (2 bytes).
    Removing stm32f1xx_hal_tim.o(i.TIM_DMACaptureCplt), (62 bytes).
    Removing stm32f1xx_hal_tim.o(i.TIM_DMADelayPulseCplt), (62 bytes).
    Removing stm32f1xx_hal_tim.o(i.TIM_DMAError), (16 bytes).
    Removing stm32f1xx_hal_tim.o(i.TIM_DMAPeriodElapsedCplt), (16 bytes).
    Removing stm32f1xx_hal_tim.o(i.TIM_DMATriggerCplt), (16 bytes).
    Removing stm32f1xx_hal_tim.o(i.TIM_ETR_SetConfig), (20 bytes).
    Removing stm32f1xx_hal_tim.o(i.TIM_ITRx_SetConfig), (16 bytes).
    Removing stm32f1xx_hal_tim.o(i.TIM_OC1_SetConfig), (128 bytes).
    Removing stm32f1xx_hal_tim.o(i.TIM_OC2_SetConfig), (120 bytes).
    Removing stm32f1xx_hal_tim.o(i.TIM_OC3_SetConfig), (120 bytes).
    Removing stm32f1xx_hal_tim.o(i.TIM_OC4_SetConfig), (100 bytes).
    Removing stm32f1xx_hal_tim.o(i.TIM_SlaveTimer_SetConfig), (124 bytes).
    Removing stm32f1xx_hal_tim.o(i.TIM_TI1_ConfigInputStage), (34 bytes).
    Removing stm32f1xx_hal_tim.o(i.TIM_TI2_ConfigInputStage), (36 bytes).
    Removing stm32f1xx_hal.o(.rev16_text), (4 bytes).
    Removing stm32f1xx_hal.o(.revsh_text), (4 bytes).
    Removing stm32f1xx_hal.o(.rrx_text), (6 bytes).
    Removing stm32f1xx_hal.o(i.HAL_DBGMCU_DisableDBGSleepMode), (16 bytes).
    Removing stm32f1xx_hal.o(i.HAL_DBGMCU_DisableDBGStandbyMode), (16 bytes).
    Removing stm32f1xx_hal.o(i.HAL_DBGMCU_DisableDBGStopMode), (16 bytes).
    Removing stm32f1xx_hal.o(i.HAL_DBGMCU_EnableDBGSleepMode), (16 bytes).
    Removing stm32f1xx_hal.o(i.HAL_DBGMCU_EnableDBGStandbyMode), (16 bytes).
    Removing stm32f1xx_hal.o(i.HAL_DBGMCU_EnableDBGStopMode), (16 bytes).
    Removing stm32f1xx_hal.o(i.HAL_DeInit), (32 bytes).
    Removing stm32f1xx_hal.o(i.HAL_GetDEVID), (16 bytes).
    Removing stm32f1xx_hal.o(i.HAL_GetHalVersion), (8 bytes).
    Removing stm32f1xx_hal.o(i.HAL_GetREVID), (12 bytes).
    Removing stm32f1xx_hal.o(i.HAL_GetUID), (28 bytes).
    Removing stm32f1xx_hal.o(i.HAL_MspDeInit), (2 bytes).
    Removing stm32f1xx_hal.o(i.HAL_ResumeTick), (14 bytes).
    Removing stm32f1xx_hal.o(i.HAL_SuspendTick), (14 bytes).
    Removing stm32f1xx_hal_spi_ex.o(.rev16_text), (4 bytes).
    Removing stm32f1xx_hal_spi_ex.o(.revsh_text), (4 bytes).
    Removing stm32f1xx_hal_spi_ex.o(.rrx_text), (6 bytes).
    Removing stm32f1xx_hal_spi_ex.o(i.SPI_ISCRCErrorValid), (4 bytes).
    Removing stm32f1xx_hal_cortex.o(.rev16_text), (4 bytes).
    Removing stm32f1xx_hal_cortex.o(.revsh_text), (4 bytes).
    Removing stm32f1xx_hal_cortex.o(.rrx_text), (6 bytes).
    Removing stm32f1xx_hal_cortex.o(i.HAL_NVIC_ClearPendingIRQ), (22 bytes).
    Removing stm32f1xx_hal_cortex.o(i.HAL_NVIC_DisableIRQ), (22 bytes).
    Removing stm32f1xx_hal_cortex.o(i.HAL_NVIC_GetActive), (32 bytes).
    Removing stm32f1xx_hal_cortex.o(i.HAL_NVIC_GetPendingIRQ), (32 bytes).
    Removing stm32f1xx_hal_cortex.o(i.HAL_NVIC_GetPriority), (82 bytes).
    Removing stm32f1xx_hal_cortex.o(i.HAL_NVIC_GetPriorityGrouping), (16 bytes).
    Removing stm32f1xx_hal_cortex.o(i.HAL_NVIC_SetPendingIRQ), (22 bytes).
    Removing stm32f1xx_hal_cortex.o(i.HAL_NVIC_SystemReset), (36 bytes).
    Removing stm32f1xx_hal_cortex.o(i.HAL_SYSTICK_CLKSourceConfig), (24 bytes).
    Removing stm32f1xx_hal_cortex.o(i.HAL_SYSTICK_Callback), (2 bytes).
    Removing stm32f1xx_hal_cortex.o(i.HAL_SYSTICK_IRQHandler), (8 bytes).
    Removing stm32f1xx_hal_rcc.o(.rev16_text), (4 bytes).
    Removing stm32f1xx_hal_rcc.o(.revsh_text), (4 bytes).
    Removing stm32f1xx_hal_rcc.o(.rrx_text), (6 bytes).
    Removing stm32f1xx_hal_rcc.o(i.HAL_RCC_CSSCallback), (2 bytes).
    Removing stm32f1xx_hal_rcc.o(i.HAL_RCC_DeInit), (68 bytes).
    Removing stm32f1xx_hal_rcc.o(i.HAL_RCC_DisableCSS), (12 bytes).
    Removing stm32f1xx_hal_rcc.o(i.HAL_RCC_EnableCSS), (12 bytes).
    Removing stm32f1xx_hal_rcc.o(i.HAL_RCC_GetClockConfig), (52 bytes).
    Removing stm32f1xx_hal_rcc.o(i.HAL_RCC_GetHCLKFreq), (12 bytes).
    Removing stm32f1xx_hal_rcc.o(i.HAL_RCC_GetOscConfig), (144 bytes).
    Removing stm32f1xx_hal_rcc.o(i.HAL_RCC_GetPCLK1Freq), (32 bytes).
    Removing stm32f1xx_hal_rcc.o(i.HAL_RCC_GetPCLK2Freq), (32 bytes).
    Removing stm32f1xx_hal_rcc.o(i.HAL_RCC_MCOConfig), (72 bytes).
    Removing stm32f1xx_hal_rcc.o(i.HAL_RCC_NMI_IRQHandler), (24 bytes).
    Removing stm32f1xx_hal_rcc_ex.o(.rev16_text), (4 bytes).
    Removing stm32f1xx_hal_rcc_ex.o(.revsh_text), (4 bytes).
    Removing stm32f1xx_hal_rcc_ex.o(.rrx_text), (6 bytes).
    Removing stm32f1xx_hal_rcc_ex.o(i.HAL_RCCEx_GetPeriphCLKConfig), (32 bytes).
    Removing stm32f1xx_hal_rcc_ex.o(i.HAL_RCCEx_GetPeriphCLKFreq), (92 bytes).
    Removing stm32f1xx_hal_rcc_ex.o(i.HAL_RCCEx_PeriphCLKConfig), (220 bytes).
    Removing system_stm32f1xx.o(.rev16_text), (4 bytes).
    Removing system_stm32f1xx.o(.revsh_text), (4 bytes).
    Removing system_stm32f1xx.o(.rrx_text), (6 bytes).
    Removing system_stm32f1xx.o(i.SystemCoreClockUpdate), (112 bytes).
    Removing system_stm32f1xx.o(.constdata), (8 bytes).
    Removing startup_stm32f100xb.o(HEAP), (512 bytes).
    Removing dadd.o(.text), (334 bytes).
    Removing dfixul.o(.text), (48 bytes).
    Removing cdrcmple.o(.text), (48 bytes).

576 unused section(s) (total 45210 bytes) removed from the image.

==============================================================================

Image Symbol Table

    Local Symbols

    Symbol Name                              Value     Ov Type        Size  Object(Section)

    ../../../../Drivers/BSP/STM32VL-Discovery/stm32vl_discovery.c 0x00000000   Number         0  stm32vl_discovery.o ABSOLUTE
    ../../../../Drivers/STM32F1xx_HAL_Driver/Src/stm32f1xx_hal.c 0x00000000   Number         0  stm32f1xx_hal.o ABSOLUTE
    ../../../../Drivers/STM32F1xx_HAL_Driver/Src/stm32f1xx_hal_adc.c 0x00000000   Number         0  stm32f1xx_hal_adc.o ABSOLUTE
    ../../../../Drivers/STM32F1xx_HAL_Driver/Src/stm32f1xx_hal_adc_ex.c 0x00000000   Number         0  stm32f1xx_hal_adc_ex.o ABSOLUTE
    ../../../../Drivers/STM32F1xx_HAL_Driver/Src/stm32f1xx_hal_cortex.c 0x00000000   Number         0  stm32f1xx_hal_cortex.o ABSOLUTE
    ../../../../Drivers/STM32F1xx_HAL_Driver/Src/stm32f1xx_hal_crc.c 0x00000000   Number         0  stm32f1xx_hal_crc.o ABSOLUTE
    ../../../../Drivers/STM32F1xx_HAL_Driver/Src/stm32f1xx_hal_dma.c 0x00000000   Number         0  stm32f1xx_hal_dma.o ABSOLUTE
    ../../../../Drivers/STM32F1xx_HAL_Driver/Src/stm32f1xx_hal_gpio.c 0x00000000   Number         0  stm32f1xx_hal_gpio.o ABSOLUTE
    ../../../../Drivers/STM32F1xx_HAL_Driver/Src/stm32f1xx_hal_gpio_ex.c 0x00000000   Number         0  stm32f1xx_hal_gpio_ex.o ABSOLUTE
    ../../../../Drivers/STM32F1xx_HAL_Driver/Src/stm32f1xx_hal_i2c.c 0x00000000   Number         0  stm32f1xx_hal_i2c.o ABSOLUTE
    ../../../../Drivers/STM32F1xx_HAL_Driver/Src/stm32f1xx_hal_spi.c 0x00000000   Number         0  stm32f1xx_hal_spi.o ABSOLUTE
    ../../../../Drivers/STM32F1xx_HAL_Driver/Src/stm32f1xx_hal_spi_ex.c 0x00000000   Number         0  stm32f1xx_hal_spi_ex.o ABSOLUTE
    ../../../../Drivers/STM32F1xx_HAL_Driver/Src/stm32f1xx_hal_tim.c 0x00000000   Number         0  stm32f1xx_hal_tim.o ABSOLUTE
    ../../../../Drivers/STM32F1xx_HAL_Driver/Src/stm32f1xx_hal_tim_ex.c 0x00000000   Number         0  stm32f1xx_hal_tim_ex.o ABSOLUTE
    ../../../../Drivers/STM32F1xx_HAL_Driver/Src/stm32f1xx_hal_uart.c 0x00000000   Number         0  stm32f1xx_hal_uart.o ABSOLUTE
    ../../../../Drivers/STM32F1xx_HAL_Driver/Src/stm32f1xx_hal_usart.c 0x00000000   Number         0  stm32f1xx_hal_usart.o ABSOLUTE
    ../Src/main.c                            0x00000000   Number         0  main.o ABSOLUTE
    ../Src/system_stm32f1xx.c                0x00000000   Number         0  system_stm32f1xx.o ABSOLUTE
    ../clib/microlib/division.c              0x00000000   Number         0  uidiv.o ABSOLUTE
    ../clib/microlib/division.c              0x00000000   Number         0  uldiv.o ABSOLUTE
    ../clib/microlib/init/entry.s            0x00000000   Number         0  entry7a.o ABSOLUTE
    ../clib/microlib/init/entry.s            0x00000000   Number         0  entry7b.o ABSOLUTE
    ../clib/microlib/init/entry.s            0x00000000   Number         0  entry8a.o ABSOLUTE
    ../clib/microlib/init/entry.s            0x00000000   Number         0  entry10a.o ABSOLUTE
    ../clib/microlib/init/entry.s            0x00000000   Number         0  entry11b.o ABSOLUTE
    ../clib/microlib/init/entry.s            0x00000000   Number         0  entry11a.o ABSOLUTE
    ../clib/microlib/init/entry.s            0x00000000   Number         0  entry.o ABSOLUTE
    ../clib/microlib/init/entry.s            0x00000000   Number         0  entry10b.o ABSOLUTE
    ../clib/microlib/init/entry.s            0x00000000   Number         0  entry9b.o ABSOLUTE
    ../clib/microlib/init/entry.s            0x00000000   Number         0  entry9a.o ABSOLUTE
    ../clib/microlib/init/entry.s            0x00000000   Number         0  entry2.o ABSOLUTE
    ../clib/microlib/init/entry.s            0x00000000   Number         0  entry8b.o ABSOLUTE
    ../clib/microlib/init/entry.s            0x00000000   Number         0  entry5.o ABSOLUTE
    ../clib/microlib/longlong.c              0x00000000   Number         0  llsshr.o ABSOLUTE
    ../clib/microlib/longlong.c              0x00000000   Number         0  llshl.o ABSOLUTE
    ../clib/microlib/longlong.c              0x00000000   Number         0  llushr.o ABSOLUTE
    ../clib/microlib/printf/printf.c         0x00000000   Number         0  printf6.o ABSOLUTE
    ../clib/microlib/printf/printf.c         0x00000000   Number         0  printf5.o ABSOLUTE
    ../clib/microlib/printf/printf.c         0x00000000   Number         0  printf4.o ABSOLUTE
    ../clib/microlib/printf/printf.c         0x00000000   Number         0  printf3.o ABSOLUTE
    ../clib/microlib/printf/printf.c         0x00000000   Number         0  printf2.o ABSOLUTE
    ../clib/microlib/printf/printf.c         0x00000000   Number         0  printf1.o ABSOLUTE
    ../clib/microlib/printf/printf.c         0x00000000   Number         0  printfb.o ABSOLUTE
    ../clib/microlib/printf/printf.c         0x00000000   Number         0  printfa.o ABSOLUTE
    ../clib/microlib/printf/printf.c         0x00000000   Number         0  printf8.o ABSOLUTE
    ../clib/microlib/printf/printf.c         0x00000000   Number         0  printf0.o ABSOLUTE
    ../clib/microlib/printf/printf.c         0x00000000   Number         0  printf7.o ABSOLUTE
    ../clib/microlib/printf/stubs.s          0x00000000   Number         0  stubs.o ABSOLUTE
    ../clib/microlib/string/memcpy.c         0x00000000   Number         0  memcpyb.o ABSOLUTE
    ../clib/microlib/string/memcpy.c         0x00000000   Number         0  memcpya.o ABSOLUTE
    ../clib/microlib/string/memset.c         0x00000000   Number         0  memseta.o ABSOLUTE
    ../clib/microlib/string/strlen.c         0x00000000   Number         0  strlen.o ABSOLUTE
    ../clib/microlib/stubs.s                 0x00000000   Number         0  iusefp.o ABSOLUTE
    ../fplib/microlib/fpadd.c                0x00000000   Number         0  dadd.o ABSOLUTE
    ../fplib/microlib/fpdiv.c                0x00000000   Number         0  ddiv.o ABSOLUTE
    ../fplib/microlib/fpepilogue.c           0x00000000   Number         0  depilogue.o ABSOLUTE
    ../fplib/microlib/fpfix.c                0x00000000   Number         0  dfixui.o ABSOLUTE
    ../fplib/microlib/fpfix.c                0x00000000   Number         0  dfixul.o ABSOLUTE
    ../fplib/microlib/fpflt.c                0x00000000   Number         0  dfltui.o ABSOLUTE
    ../fplib/microlib/fpmul.c                0x00000000   Number         0  dmul.o ABSOLUTE
    ../fplib/microlib/fpscalb.c              0x00000000   Number         0  dscalb.o ABSOLUTE
    ..\..\..\..\Drivers\BSP\STM32VL-Discovery\bsp_dac.c 0x00000000   Number         0  bsp_dac.o ABSOLUTE
    ..\..\..\..\Drivers\BSP\STM32VL-Discovery\bsp_spi1_dma.c 0x00000000   Number         0  bsp_spi1_dma.o ABSOLUTE
    ..\..\..\..\Drivers\BSP\STM32VL-Discovery\bsp_tim1_pwm.c 0x00000000   Number         0  bsp_tim1_pwm.o ABSOLUTE
    ..\..\..\..\Drivers\BSP\STM32VL-Discovery\bsp_tim2_events.c 0x00000000   Number         0  bsp_tim2_events.o ABSOLUTE
    ..\..\..\..\Drivers\BSP\STM32VL-Discovery\bsp_tim3_ic.c 0x00000000   Number         0  bsp_tim3_ic.o ABSOLUTE
    ..\..\..\..\Drivers\BSP\STM32VL-Discovery\bsp_uart1.c 0x00000000   Number         0  bsp_uart1.o ABSOLUTE
    ..\..\..\..\Drivers\BSP\STM32VL-Discovery\stm32vl_discovery.c 0x00000000   Number         0  stm32vl_discovery.o ABSOLUTE
    ..\..\..\..\Drivers\Middleware\modbus_control.c 0x00000000   Number         0  modbus_control.o ABSOLUTE
    ..\..\..\..\Drivers\Middleware\modbus_protocol.c 0x00000000   Number         0  modbus_protocol.o ABSOLUTE
    ..\..\..\..\Drivers\Middleware\modbus_register.c 0x00000000   Number         0  modbus_register.o ABSOLUTE
    ..\..\..\..\Drivers\STM32F1xx_HAL_Driver\Src\stm32f1xx_hal.c 0x00000000   Number         0  stm32f1xx_hal.o ABSOLUTE
    ..\..\..\..\Drivers\STM32F1xx_HAL_Driver\Src\stm32f1xx_hal_adc.c 0x00000000   Number         0  stm32f1xx_hal_adc.o ABSOLUTE
    ..\..\..\..\Drivers\STM32F1xx_HAL_Driver\Src\stm32f1xx_hal_adc_ex.c 0x00000000   Number         0  stm32f1xx_hal_adc_ex.o ABSOLUTE
    ..\..\..\..\Drivers\STM32F1xx_HAL_Driver\Src\stm32f1xx_hal_cortex.c 0x00000000   Number         0  stm32f1xx_hal_cortex.o ABSOLUTE
    ..\..\..\..\Drivers\STM32F1xx_HAL_Driver\Src\stm32f1xx_hal_crc.c 0x00000000   Number         0  stm32f1xx_hal_crc.o ABSOLUTE
    ..\..\..\..\Drivers\STM32F1xx_HAL_Driver\Src\stm32f1xx_hal_dma.c 0x00000000   Number         0  stm32f1xx_hal_dma.o ABSOLUTE
    ..\..\..\..\Drivers\STM32F1xx_HAL_Driver\Src\stm32f1xx_hal_gpio.c 0x00000000   Number         0  stm32f1xx_hal_gpio.o ABSOLUTE
    ..\..\..\..\Drivers\STM32F1xx_HAL_Driver\Src\stm32f1xx_hal_gpio_ex.c 0x00000000   Number         0  stm32f1xx_hal_gpio_ex.o ABSOLUTE
    ..\..\..\..\Drivers\STM32F1xx_HAL_Driver\Src\stm32f1xx_hal_i2c.c 0x00000000   Number         0  stm32f1xx_hal_i2c.o ABSOLUTE
    ..\..\..\..\Drivers\STM32F1xx_HAL_Driver\Src\stm32f1xx_hal_rcc.c 0x00000000   Number         0  stm32f1xx_hal_rcc.o ABSOLUTE
    ..\..\..\..\Drivers\STM32F1xx_HAL_Driver\Src\stm32f1xx_hal_rcc_ex.c 0x00000000   Number         0  stm32f1xx_hal_rcc_ex.o ABSOLUTE
    ..\..\..\..\Drivers\STM32F1xx_HAL_Driver\Src\stm32f1xx_hal_spi.c 0x00000000   Number         0  stm32f1xx_hal_spi.o ABSOLUTE
    ..\..\..\..\Drivers\STM32F1xx_HAL_Driver\Src\stm32f1xx_hal_spi_ex.c 0x00000000   Number         0  stm32f1xx_hal_spi_ex.o ABSOLUTE
    ..\..\..\..\Drivers\STM32F1xx_HAL_Driver\Src\stm32f1xx_hal_tim.c 0x00000000   Number         0  stm32f1xx_hal_tim.o ABSOLUTE
    ..\..\..\..\Drivers\STM32F1xx_HAL_Driver\Src\stm32f1xx_hal_tim_ex.c 0x00000000   Number         0  stm32f1xx_hal_tim_ex.o ABSOLUTE
    ..\..\..\..\Drivers\STM32F1xx_HAL_Driver\Src\stm32f1xx_hal_uart.c 0x00000000   Number         0  stm32f1xx_hal_uart.o ABSOLUTE
    ..\..\..\..\Drivers\STM32F1xx_HAL_Driver\Src\stm32f1xx_hal_usart.c 0x00000000   Number         0  stm32f1xx_hal_usart.o ABSOLUTE
    ..\..\..\..\Drivers\Utils\debug_print.c  0x00000000   Number         0  debug_print.o ABSOLUTE
    ..\Src\app_callbacks.c                   0x00000000   Number         0  app_callbacks.o ABSOLUTE
    ..\Src\app_init.c                        0x00000000   Number         0  app_init.o ABSOLUTE
    ..\Src\app_run.c                         0x00000000   Number         0  app_run.o ABSOLUTE
    ..\Src\main.c                            0x00000000   Number         0  main.o ABSOLUTE
    ..\Src\system_stm32f1xx.c                0x00000000   Number         0  system_stm32f1xx.o ABSOLUTE
    ..\\..\\..\\..\\Drivers\\BSP\\STM32VL-Discovery\\bsp_dac.c 0x00000000   Number         0  bsp_dac.o ABSOLUTE
    ..\\..\\..\\..\\Drivers\\BSP\\STM32VL-Discovery\\bsp_spi1_dma.c 0x00000000   Number         0  bsp_spi1_dma.o ABSOLUTE
    ..\\..\\..\\..\\Drivers\\BSP\\STM32VL-Discovery\\bsp_tim1_pwm.c 0x00000000   Number         0  bsp_tim1_pwm.o ABSOLUTE
    ..\\..\\..\\..\\Drivers\\BSP\\STM32VL-Discovery\\bsp_tim2_events.c 0x00000000   Number         0  bsp_tim2_events.o ABSOLUTE
    ..\\..\\..\\..\\Drivers\\BSP\\STM32VL-Discovery\\bsp_tim3_ic.c 0x00000000   Number         0  bsp_tim3_ic.o ABSOLUTE
    ..\\..\\..\\..\\Drivers\\BSP\\STM32VL-Discovery\\bsp_uart1.c 0x00000000   Number         0  bsp_uart1.o ABSOLUTE
    ..\\..\\..\\..\\Drivers\\STM32F1xx_HAL_Driver\\Src\\stm32f1xx_hal_rcc.c 0x00000000   Number         0  stm32f1xx_hal_rcc.o ABSOLUTE
    ..\\..\\..\\..\\Drivers\\STM32F1xx_HAL_Driver\\Src\\stm32f1xx_hal_rcc_ex.c 0x00000000   Number         0  stm32f1xx_hal_rcc_ex.o ABSOLUTE
    ..\\Src\\app_callbacks.c                 0x00000000   Number         0  app_callbacks.o ABSOLUTE
    ..\\Src\\app_init.c                      0x00000000   Number         0  app_init.o ABSOLUTE
    ..\\Src\\app_run.c                       0x00000000   Number         0  app_run.o ABSOLUTE
    cdrcmple.s                               0x00000000   Number         0  cdrcmple.o ABSOLUTE
    dc.s                                     0x00000000   Number         0  dc.o ABSOLUTE
    handlers.s                               0x00000000   Number         0  handlers.o ABSOLUTE
    init.s                                   0x00000000   Number         0  init.o ABSOLUTE
    startup_stm32f100xb.s                    0x00000000   Number         0  startup_stm32f100xb.o ABSOLUTE
    RESET                                    0x08000000   Section      288  startup_stm32f100xb.o(RESET)
    .ARM.Collect$$$$00000000                 0x08000120   Section        0  entry.o(.ARM.Collect$$$$00000000)
    .ARM.Collect$$$$00000001                 0x08000120   Section        4  entry2.o(.ARM.Collect$$$$00000001)
    .ARM.Collect$$$$00000004                 0x08000124   Section        4  entry5.o(.ARM.Collect$$$$00000004)
    .ARM.Collect$$$$00000008                 0x08000128   Section        0  entry7b.o(.ARM.Collect$$$$00000008)
    .ARM.Collect$$$$0000000A                 0x08000128   Section        0  entry8b.o(.ARM.Collect$$$$0000000A)
    .ARM.Collect$$$$0000000B                 0x08000128   Section        8  entry9a.o(.ARM.Collect$$$$0000000B)
    .ARM.Collect$$$$0000000D                 0x08000130   Section        0  entry10a.o(.ARM.Collect$$$$0000000D)
    .ARM.Collect$$$$0000000F                 0x08000130   Section        0  entry11a.o(.ARM.Collect$$$$0000000F)
    .ARM.Collect$$$$00002712                 0x08000130   Section        4  entry2.o(.ARM.Collect$$$$00002712)
    __lit__00000000                          0x08000130   Data           4  entry2.o(.ARM.Collect$$$$00002712)
    .text                                    0x08000134   Section       36  startup_stm32f100xb.o(.text)
    .text                                    0x08000158   Section        0  memcpya.o(.text)
    .text                                    0x0800017c   Section        0  memseta.o(.text)
    .text                                    0x080001a0   Section        0  dmul.o(.text)
    .text                                    0x08000284   Section        0  ddiv.o(.text)
    .text                                    0x08000362   Section        0  dscalb.o(.text)
    .text                                    0x08000390   Section        0  dfltui.o(.text)
    .text                                    0x080003aa   Section        0  dfixui.o(.text)
    .text                                    0x080003dc   Section        0  uidiv.o(.text)
    .text                                    0x08000408   Section        0  llushr.o(.text)
    .text                                    0x08000428   Section        0  depilogue.o(.text)
    .text                                    0x08000428   Section        0  iusefp.o(.text)
    .text                                    0x080004e4   Section       36  init.o(.text)
    .text                                    0x08000508   Section        0  llshl.o(.text)
    i.BSP_LED_Init                           0x08000528   Section        0  stm32vl_discovery.o(i.BSP_LED_Init)
    i.DMA1_Channel2_IRQHandler               0x08000584   Section        0  bsp_spi1_dma.o(i.DMA1_Channel2_IRQHandler)
    i.DMA1_Channel3_IRQHandler               0x080005b8   Section        0  bsp_spi1_dma.o(i.DMA1_Channel3_IRQHandler)
    i.EXTI2_IRQHandler                       0x080005fc   Section        0  bsp_spi1_dma.o(i.EXTI2_IRQHandler)
    i.HAL_DMA_Init                           0x08000628   Section        0  stm32f1xx_hal_dma.o(i.HAL_DMA_Init)
    i.HAL_Delay                              0x0800068c   Section        0  stm32f1xx_hal.o(i.HAL_Delay)
    i.HAL_GPIO_Init                          0x080006a8   Section        0  stm32f1xx_hal_gpio.o(i.HAL_GPIO_Init)
    i.HAL_GPIO_WritePin                      0x08000864   Section        0  stm32f1xx_hal_gpio.o(i.HAL_GPIO_WritePin)
    i.HAL_GetTick                            0x08000870   Section        0  stm32f1xx_hal.o(i.HAL_GetTick)
    i.HAL_IncTick                            0x0800087c   Section        0  stm32f1xx_hal.o(i.HAL_IncTick)
    i.HAL_Init                               0x0800088c   Section        0  stm32f1xx_hal.o(i.HAL_Init)
    i.HAL_InitTick                           0x080008a4   Section        0  stm32f1xx_hal.o(i.HAL_InitTick)
    i.HAL_MspInit                            0x080008cc   Section        0  stm32f1xx_hal.o(i.HAL_MspInit)
    i.HAL_NVIC_EnableIRQ                     0x080008ce   Section        0  stm32f1xx_hal_cortex.o(i.HAL_NVIC_EnableIRQ)
    i.HAL_NVIC_SetPriority                   0x080008e4   Section        0  stm32f1xx_hal_cortex.o(i.HAL_NVIC_SetPriority)
    i.HAL_NVIC_SetPriorityGrouping           0x08000924   Section        0  stm32f1xx_hal_cortex.o(i.HAL_NVIC_SetPriorityGrouping)
    i.HAL_RCC_ClockConfig                    0x08000948   Section        0  stm32f1xx_hal_rcc.o(i.HAL_RCC_ClockConfig)
    i.HAL_RCC_GetSysClockFreq                0x08000a44   Section        0  stm32f1xx_hal_rcc.o(i.HAL_RCC_GetSysClockFreq)
    i.HAL_RCC_OscConfig                      0x08000ac0   Section        0  stm32f1xx_hal_rcc.o(i.HAL_RCC_OscConfig)
    i.HAL_SPI_Init                           0x08000dc4   Section        0  stm32f1xx_hal_spi_ex.o(i.HAL_SPI_Init)
    i.HAL_SPI_MspInit                        0x08000e44   Section        0  stm32f1xx_hal_spi.o(i.HAL_SPI_MspInit)
    i.HAL_SYSTICK_Config                     0x08000e46   Section        0  stm32f1xx_hal_cortex.o(i.HAL_SYSTICK_Config)
    i.HAL_TIM_Base_Init                      0x08000e6e   Section        0  stm32f1xx_hal_tim.o(i.HAL_TIM_Base_Init)
    i.HAL_TIM_Base_MspInit                   0x08000ea4   Section        0  stm32f1xx_hal_tim.o(i.HAL_TIM_Base_MspInit)
    i.HAL_TIM_IC_ConfigChannel               0x08000ea6   Section        0  stm32f1xx_hal_tim.o(i.HAL_TIM_IC_ConfigChannel)
    i.HAL_TIM_IC_Start_IT                    0x08000fc0   Section        0  stm32f1xx_hal_tim.o(i.HAL_TIM_IC_Start_IT)
    i.HAL_TIM_IC_Stop_IT                     0x0800100c   Section        0  stm32f1xx_hal_tim.o(i.HAL_TIM_IC_Stop_IT)
    i.ModbusRTU_Crc                          0x0800106a   Section        0  modbus_protocol.o(i.ModbusRTU_Crc)
    i.NVIC_ClearPendingIRQ                   0x0800108c   Section        0  bsp_spi1_dma.o(i.NVIC_ClearPendingIRQ)
    NVIC_ClearPendingIRQ                     0x0800108d   Thumb Code    22  bsp_spi1_dma.o(i.NVIC_ClearPendingIRQ)
    i.NVIC_ClearPendingIRQ                   0x080010a2   Section        0  bsp_tim3_ic.o(i.NVIC_ClearPendingIRQ)
    NVIC_ClearPendingIRQ                     0x080010a3   Thumb Code    22  bsp_tim3_ic.o(i.NVIC_ClearPendingIRQ)
    i.NVIC_ClearPendingIRQ                   0x080010b8   Section        0  bsp_tim1_pwm.o(i.NVIC_ClearPendingIRQ)
    NVIC_ClearPendingIRQ                     0x080010b9   Thumb Code    22  bsp_tim1_pwm.o(i.NVIC_ClearPendingIRQ)
    i.NVIC_ClearPendingIRQ                   0x080010ce   Section        0  bsp_tim2_events.o(i.NVIC_ClearPendingIRQ)
    NVIC_ClearPendingIRQ                     0x080010cf   Thumb Code    22  bsp_tim2_events.o(i.NVIC_ClearPendingIRQ)
    i.NVIC_DisableIRQ                        0x080010e4   Section        0  bsp_uart1.o(i.NVIC_DisableIRQ)
    NVIC_DisableIRQ                          0x080010e5   Thumb Code    22  bsp_uart1.o(i.NVIC_DisableIRQ)
    i.NVIC_EnableIRQ                         0x080010fa   Section        0  bsp_uart1.o(i.NVIC_EnableIRQ)
    NVIC_EnableIRQ                           0x080010fb   Thumb Code    22  bsp_uart1.o(i.NVIC_EnableIRQ)
    i.NVIC_SetPriority                       0x08001110   Section        0  bsp_spi1_dma.o(i.NVIC_SetPriority)
    NVIC_SetPriority                         0x08001111   Thumb Code    32  bsp_spi1_dma.o(i.NVIC_SetPriority)
    i.NVIC_SetPriority                       0x08001130   Section        0  stm32f1xx_hal_cortex.o(i.NVIC_SetPriority)
    NVIC_SetPriority                         0x08001131   Thumb Code    32  stm32f1xx_hal_cortex.o(i.NVIC_SetPriority)
    i.SysTick_Handler                        0x08001150   Section        0  app_init.o(i.SysTick_Handler)
    i.SystemInit                             0x08001154   Section        0  system_stm32f1xx.o(i.SystemInit)
    i.TIM1_CC_IRQHandler                     0x080011a0   Section        0  bsp_tim1_pwm.o(i.TIM1_CC_IRQHandler)
    i.TIM2_IRQHandler                        0x0800127c   Section        0  bsp_tim2_events.o(i.TIM2_IRQHandler)
    i.TIM4_IRQHandler                        0x080013c0   Section        0  bsp_tim3_ic.o(i.TIM4_IRQHandler)
    i.TIM_Base_SetConfig                     0x0800157c   Section        0  stm32f1xx_hal_tim.o(i.TIM_Base_SetConfig)
    i.TIM_CCxChannelCmd                      0x08001614   Section        0  stm32f1xx_hal_tim.o(i.TIM_CCxChannelCmd)
    i.TIM_TI1_SetConfig                      0x0800162c   Section        0  stm32f1xx_hal_tim.o(i.TIM_TI1_SetConfig)
    i.TIM_TI2_SetConfig                      0x08001690   Section        0  stm32f1xx_hal_tim.o(i.TIM_TI2_SetConfig)
    TIM_TI2_SetConfig                        0x08001691   Thumb Code    54  stm32f1xx_hal_tim.o(i.TIM_TI2_SetConfig)
    i.USART1_IRQHandler                      0x080016c8   Section        0  bsp_uart1.o(i.USART1_IRQHandler)
    i.__0printf$3                            0x08001744   Section        0  printf3.o(i.__0printf$3)
    i.__scatterload_copy                     0x08001764   Section       14  handlers.o(i.__scatterload_copy)
    i.__scatterload_null                     0x08001772   Section        2  handlers.o(i.__scatterload_null)
    i.__scatterload_zeroinit                 0x08001774   Section       14  handlers.o(i.__scatterload_zeroinit)
    i._printf_core                           0x08001784   Section        0  printf3.o(i._printf_core)
    _printf_core                             0x08001785   Thumb Code   436  printf3.o(i._printf_core)
    i.app_callback_cnt_ch1                   0x0800193c   Section        0  app_callbacks.o(i.app_callback_cnt_ch1)
    i.app_callback_cnt_ch2                   0x08001970   Section        0  app_callbacks.o(i.app_callback_cnt_ch2)
    i.app_callback_cnt_ch3                   0x080019a4   Section        0  app_callbacks.o(i.app_callback_cnt_ch3)
    i.app_callback_cnt_ch4                   0x080019d8   Section        0  app_callbacks.o(i.app_callback_cnt_ch4)
    i.app_callback_cnt_prd                   0x08001a0c   Section        0  app_callbacks.o(i.app_callback_cnt_prd)
    i.app_callback_cnt_res                   0x08001a64   Section        0  app_callbacks.o(i.app_callback_cnt_res)
    i.app_callback_cnt_sr                    0x08001a94   Section        0  app_callbacks.o(i.app_callback_cnt_sr)
    i.app_callback_pwm_cnt                   0x08001b40   Section        0  app_callbacks.o(i.app_callback_pwm_cnt)
    i.app_callback_pwm_cr                    0x08001b74   Section        0  app_callbacks.o(i.app_callback_pwm_cr)
    i.app_callback_pwm_dut                   0x08001b9c   Section        0  app_callbacks.o(i.app_callback_pwm_dut)
    i.app_callback_pwm_prd                   0x08001bcc   Section        0  app_callbacks.o(i.app_callback_pwm_prd)
    i.app_callback_pwm_psc                   0x08001bfc   Section        0  app_callbacks.o(i.app_callback_pwm_psc)
    i.app_callback_sys_config_cr1            0x08001c2c   Section        0  app_callbacks.o(i.app_callback_sys_config_cr1)
    i.app_callback_sys_config_en             0x08001c58   Section        0  app_callbacks.o(i.app_callback_sys_config_en)
    i.app_callback_sys_config_sr             0x08001db4   Section        0  app_callbacks.o(i.app_callback_sys_config_sr)
    i.app_init                               0x08001e40   Section        0  app_init.o(i.app_init)
    i.bsp_dac_get_voltage                    0x08001f10   Section        0  bsp_dac.o(i.bsp_dac_get_voltage)
    i.bsp_dac_init                           0x08001f3c   Section        0  bsp_dac.o(i.bsp_dac_init)
    i.bsp_dac_set_voltage                    0x08001f90   Section        0  bsp_dac.o(i.bsp_dac_set_voltage)
    i.bsp_spi1_dma_enable_rx                 0x08001fe8   Section        0  bsp_spi1_dma.o(i.bsp_spi1_dma_enable_rx)
    i.bsp_spi1_dma_enable_tx                 0x0800205c   Section        0  bsp_spi1_dma.o(i.bsp_spi1_dma_enable_tx)
    i.bsp_spi1_dma_get_byte                  0x080020d4   Section        0  bsp_spi1_dma.o(i.bsp_spi1_dma_get_byte)
    i.bsp_spi1_dma_get_data                  0x08002100   Section        0  bsp_spi1_dma.o(i.bsp_spi1_dma_get_data)
    i.bsp_spi1_dma_init                      0x08002124   Section        0  bsp_spi1_dma.o(i.bsp_spi1_dma_init)
    i.bsp_spi1_dma_put_byte                  0x080022a8   Section        0  bsp_spi1_dma.o(i.bsp_spi1_dma_put_byte)
    i.bsp_spi1_dma_set_rx_size               0x080022c8   Section        0  bsp_spi1_dma.o(i.bsp_spi1_dma_set_rx_size)
    i.bsp_tim1_pwm_init                      0x080022dc   Section        0  bsp_tim1_pwm.o(i.bsp_tim1_pwm_init)
    i.bsp_tim1_pwm_is_enabled                0x080023cc   Section        0  bsp_tim1_pwm.o(i.bsp_tim1_pwm_is_enabled)
    i.bsp_tim1_pwm_set_count                 0x08002408   Section        0  bsp_tim1_pwm.o(i.bsp_tim1_pwm_set_count)
    i.bsp_tim1_pwm_set_duty_cycle            0x0800242c   Section        0  bsp_tim1_pwm.o(i.bsp_tim1_pwm_set_duty_cycle)
    i.bsp_tim1_pwm_set_period                0x08002480   Section        0  bsp_tim1_pwm.o(i.bsp_tim1_pwm_set_period)
    i.bsp_tim1_pwm_set_resolution            0x080024ac   Section        0  bsp_tim1_pwm.o(i.bsp_tim1_pwm_set_resolution)
    i.bsp_tim1_pwm_start                     0x080024bc   Section        0  bsp_tim1_pwm.o(i.bsp_tim1_pwm_start)
    i.bsp_tim1_pwm_stop                      0x08002550   Section        0  bsp_tim1_pwm.o(i.bsp_tim1_pwm_stop)
    i.bsp_tim2_events_forget_event           0x080025f0   Section        0  bsp_tim2_events.o(i.bsp_tim2_events_forget_event)
    i.bsp_tim2_events_init                   0x08002660   Section        0  bsp_tim2_events.o(i.bsp_tim2_events_init)
    i.bsp_tim4_ic_get_frequency              0x080026d8   Section        0  bsp_tim3_ic.o(i.bsp_tim4_ic_get_frequency)
    i.bsp_tim4_ic_init                       0x08002714   Section        0  bsp_tim3_ic.o(i.bsp_tim4_ic_init)
    i.bsp_tim4_ic_is_captured                0x080027ec   Section        0  bsp_tim3_ic.o(i.bsp_tim4_ic_is_captured)
    i.bsp_tim4_ic_set_limit                  0x08002800   Section        0  bsp_tim3_ic.o(i.bsp_tim4_ic_set_limit)
    i.bsp_tim4_ic_set_resolution             0x0800282c   Section        0  bsp_tim3_ic.o(i.bsp_tim4_ic_set_resolution)
    i.bsp_tim4_ic_start_capture              0x0800283c   Section        0  bsp_tim3_ic.o(i.bsp_tim4_ic_start_capture)
    i.bsp_tim4_ic_stop_capture               0x080028c4   Section        0  bsp_tim3_ic.o(i.bsp_tim4_ic_stop_capture)
    i.bsp_uart1_put_byte                     0x08002900   Section        0  bsp_uart1.o(i.bsp_uart1_put_byte)
    i.calculate_next_ccr                     0x08002940   Section        0  bsp_tim2_events.o(i.calculate_next_ccr)
    calculate_next_ccr                       0x08002941   Thumb Code    78  bsp_tim2_events.o(i.calculate_next_ccr)
    i.debug_init                             0x08002994   Section        0  debug_print.o(i.debug_init)
    i.fputc                                  0x080029a0   Section        0  debug_print.o(i.fputc)
    i.main                                   0x080029b8   Section        0  main.o(i.main)
    i.modbus_protocol_create_frame           0x08002a24   Section        0  modbus_protocol.o(i.modbus_protocol_create_frame)
    i.modbus_protocol_get_frame              0x08002ab0   Section        0  modbus_protocol.o(i.modbus_protocol_get_frame)
    i.modbus_protocol_parse_byte             0x08002ac4   Section        0  modbus_protocol.o(i.modbus_protocol_parse_byte)
    i.modbus_protocol_parse_data             0x08002b70   Section        0  modbus_protocol.o(i.modbus_protocol_parse_data)
    i.modbus_protocol_reset                  0x08002b8c   Section        0  modbus_protocol.o(i.modbus_protocol_reset)
    i.modbus_register_init                   0x08002b98   Section        0  app_callbacks.o(i.modbus_register_init)
    i.modbus_register_make_int16             0x08002c6c   Section        0  modbus_register.o(i.modbus_register_make_int16)
    i.modbus_register_read_value             0x08002c74   Section        0  modbus_register.o(i.modbus_register_read_value)
    i.modbus_register_set_readonly           0x08002c90   Section        0  modbus_register.o(i.modbus_register_set_readonly)
    i.modbus_register_set_value              0x08002ca8   Section        0  modbus_register.o(i.modbus_register_set_value)
    i.modbus_rtu_callback_handler            0x08002ce8   Section        0  modbus_control.o(i.modbus_rtu_callback_handler)
    i.modbus_rtu_disable_callback_handler    0x08002d30   Section        0  modbus_control.o(i.modbus_rtu_disable_callback_handler)
    i.modbus_rtu_init                        0x08002d3c   Section        0  modbus_control.o(i.modbus_rtu_init)
    i.modbus_rtu_pop_data_byte               0x08002d4c   Section        0  modbus_control.o(i.modbus_rtu_pop_data_byte)
    modbus_rtu_pop_data_byte                 0x08002d4d   Thumb Code    30  modbus_control.o(i.modbus_rtu_pop_data_byte)
    i.modbus_rtu_process_input               0x08002d74   Section        0  modbus_control.o(i.modbus_rtu_process_input)
    i.modbus_rtu_push_response_byte          0x08002e34   Section        0  modbus_control.o(i.modbus_rtu_push_response_byte)
    modbus_rtu_push_response_byte            0x08002e35   Thumb Code    26  modbus_control.o(i.modbus_rtu_push_response_byte)
    i.modbus_rtu_register_callback           0x08002e58   Section        0  modbus_control.o(i.modbus_rtu_register_callback)
    i.modbus_rtu_send_frame                  0x08002e70   Section        0  modbus_control.o(i.modbus_rtu_send_frame)
    i.modbus_rtu_validate_read_holding_register 0x08002ec4   Section        0  modbus_control.o(i.modbus_rtu_validate_read_holding_register)
    modbus_rtu_validate_read_holding_register 0x08002ec5   Thumb Code    98  modbus_control.o(i.modbus_rtu_validate_read_holding_register)
    i.modbus_rtu_validate_write_single_register 0x08002f26   Section        0  modbus_control.o(i.modbus_rtu_validate_write_single_register)
    modbus_rtu_validate_write_single_register 0x08002f27   Thumb Code   100  modbus_control.o(i.modbus_rtu_validate_write_single_register)
    i.modbus_rx_wrapper                      0x08002f8a   Section        0  app_callbacks.o(i.modbus_rx_wrapper)
    i.modbus_tx_wrapper                      0x08002f90   Section        0  app_callbacks.o(i.modbus_tx_wrapper)
    i.spi1_dma_rx_callback                   0x08002fb4   Section        0  app_callbacks.o(i.spi1_dma_rx_callback)
    i.spi1_dma_tx_callback                   0x08002ff0   Section        0  app_callbacks.o(i.spi1_dma_tx_callback)
    .constdata                               0x08002ff4   Section        8  stm32vl_discovery.o(.constdata)
    .constdata                               0x08002ffc   Section       88  bsp_spi1_dma.o(.constdata)
    .constdata                               0x08003054   Section       16  system_stm32f1xx.o(.constdata)
    .data                                    0x20000000   Section        6  app_callbacks.o(.data)
    m_buffer_index                           0x20000002   Data           2  app_callbacks.o(.data)
    sys_en_backup                            0x20000004   Data           2  app_callbacks.o(.data)
    .data                                    0x20000008   Section       12  modbus_control.o(.data)
    m_idx_response                           0x20000008   Data           1  modbus_control.o(.data)
    m_callback_handler_enabled               0x20000009   Data           1  modbus_control.o(.data)
    idx                                      0x2000000a   Data           1  modbus_control.o(.data)
    m_fp_send                                0x2000000c   Data           4  modbus_control.o(.data)
    m_fp_read                                0x20000010   Data           4  modbus_control.o(.data)
    .data                                    0x20000014   Section        8  modbus_protocol.o(.data)
    m_modbus_state                           0x20000014   Data           1  modbus_protocol.o(.data)
    m_idx_data                               0x20000015   Data           1  modbus_protocol.o(.data)
    function                                 0x20000016   Data           1  modbus_protocol.o(.data)
    len                                      0x20000017   Data           1  modbus_protocol.o(.data)
    crc                                      0x20000018   Data           2  modbus_protocol.o(.data)
    tmp                                      0x2000001a   Data           2  modbus_protocol.o(.data)
    .data                                    0x2000001c   Section        4  debug_print.o(.data)
    m_fp_send                                0x2000001c   Data           4  debug_print.o(.data)
    .data                                    0x20000020   Section        4  debug_print.o(.data)
    .data                                    0x20000024   Section       12  stm32vl_discovery.o(.data)
    .data                                    0x20000030   Section       16  bsp_uart1.o(.data)
    m_rx_head                                0x20000030   Data           4  bsp_uart1.o(.data)
    m_rx_tail                                0x20000034   Data           4  bsp_uart1.o(.data)
    m_tx_head                                0x20000038   Data           4  bsp_uart1.o(.data)
    m_tx_tail                                0x2000003c   Data           4  bsp_uart1.o(.data)
    .data                                    0x20000040   Section       20  bsp_spi1_dma.o(.data)
    m_rx_size                                0x20000040   Data           2  bsp_spi1_dma.o(.data)
    m_write_pointer                          0x20000044   Data           4  bsp_spi1_dma.o(.data)
    m_read_pointer                           0x20000048   Data           4  bsp_spi1_dma.o(.data)
    m_fp_tx_complete                         0x2000004c   Data           4  bsp_spi1_dma.o(.data)
    m_fp_rx_complete                         0x20000050   Data           4  bsp_spi1_dma.o(.data)
    .data                                    0x20000054   Section       20  bsp_tim3_ic.o(.data)
    m_captured_table                         0x20000054   Data           4  bsp_tim3_ic.o(.data)
    m_count_table                            0x20000058   Data           8  bsp_tim3_ic.o(.data)
    m_limit_table                            0x20000060   Data           8  bsp_tim3_ic.o(.data)
    .data                                    0x20000068   Section        8  bsp_tim1_pwm.o(.data)
    m_channel1_count                         0x20000068   Data           2  bsp_tim1_pwm.o(.data)
    m_channel2_count                         0x2000006a   Data           2  bsp_tim1_pwm.o(.data)
    m_channel3_count                         0x2000006c   Data           2  bsp_tim1_pwm.o(.data)
    m_channel4_count                         0x2000006e   Data           2  bsp_tim1_pwm.o(.data)
    .data                                    0x20000070   Section        1  bsp_tim2_events.o(.data)
    m_num_events                             0x20000070   Data           1  bsp_tim2_events.o(.data)
    .data                                    0x20000074   Section        4  stm32f1xx_hal.o(.data)
    .data                                    0x20000078   Section        1  stm32f1xx_hal_spi_ex.o(.data)
    .data                                    0x2000007c   Section        4  system_stm32f1xx.o(.data)
    .bss                                     0x20000080   Section       20  app_callbacks.o(.bss)
    .bss                                     0x20000094   Section      877  modbus_control.o(.bss)
    m_modbus_response_stack                  0x200000f8   Data         255  modbus_control.o(.bss)
    m_new_frame                              0x200001f7   Data         261  modbus_control.o(.bss)
    m_response_frame                         0x200002fc   Data         261  modbus_control.o(.bss)
    .bss                                     0x20000401   Section      517  modbus_protocol.o(.bss)
    m_modbus_data_stack                      0x20000401   Data         256  modbus_protocol.o(.bss)
    latest_frame                             0x20000501   Data         261  modbus_protocol.o(.bss)
    .bss                                     0x20000606   Section      200  modbus_register.o(.bss)
    .bss                                     0x200006ce   Section      200  bsp_uart1.o(.bss)
    m_uart_rx_buffer                         0x200006ce   Data          50  bsp_uart1.o(.bss)
    m_uart_tx_buffer                         0x20000700   Data         150  bsp_uart1.o(.bss)
    .bss                                     0x20000796   Section      286  bsp_spi1_dma.o(.bss)
    m_spi_tx_buffer                          0x20000796   Data         256  bsp_spi1_dma.o(.bss)
    m_spi_rx_buffer                          0x20000896   Data          30  bsp_spi1_dma.o(.bss)
    .bss                                     0x200008b4   Section       80  bsp_tim3_ic.o(.bss)
    m_frequency_table                        0x200008b4   Data          16  bsp_tim3_ic.o(.bss)
    htim4                                    0x200008c4   Data          64  bsp_tim3_ic.o(.bss)
    .bss                                     0x20000904   Section       48  bsp_tim2_events.o(.bss)
    m_event_table                            0x20000904   Data          48  bsp_tim2_events.o(.bss)
    STACK                                    0x20000938   Section     1024  startup_stm32f100xb.o(STACK)

    Global Symbols

    Symbol Name                              Value     Ov Type        Size  Object(Section)

    BuildAttributes$$THM_ISAv4$P$D$K$B$S$PE$A:L22UL41UL21$X:L11$S22US41US21$IEEE1$IW$USESV6$~STKCKD$USESV7$~SHL$OSPACE$ROPI$EBA8$MICROLIB$REQ8$PRES8$EABIv2 0x00000000   Number         0  anon$$obj.o ABSOLUTE
    __ARM_use_no_argv                        0x00000000   Number         0  main.o ABSOLUTE
    _printf_a                                0x00000000   Number         0  stubs.o ABSOLUTE
    _printf_c                                0x00000000   Number         0  stubs.o ABSOLUTE
    _printf_charcount                        0x00000000   Number         0  stubs.o ABSOLUTE
    _printf_d                                0x00000000   Number         0  stubs.o ABSOLUTE
    _printf_e                                0x00000000   Number         0  stubs.o ABSOLUTE
    _printf_f                                0x00000000   Number         0  stubs.o ABSOLUTE
    _printf_flags                            0x00000000   Number         0  stubs.o ABSOLUTE
    _printf_fp_dec                           0x00000000   Number         0  stubs.o ABSOLUTE
    _printf_fp_hex                           0x00000000   Number         0  stubs.o ABSOLUTE
    _printf_g                                0x00000000   Number         0  stubs.o ABSOLUTE
    _printf_i                                0x00000000   Number         0  stubs.o ABSOLUTE
    _printf_int_dec                          0x00000000   Number         0  stubs.o ABSOLUTE
    _printf_l                                0x00000000   Number         0  stubs.o ABSOLUTE
    _printf_lc                               0x00000000   Number         0  stubs.o ABSOLUTE
    _printf_ll                               0x00000000   Number         0  stubs.o ABSOLUTE
    _printf_lld                              0x00000000   Number         0  stubs.o ABSOLUTE
    _printf_lli                              0x00000000   Number         0  stubs.o ABSOLUTE
    _printf_llo                              0x00000000   Number         0  stubs.o ABSOLUTE
    _printf_llu                              0x00000000   Number         0  stubs.o ABSOLUTE
    _printf_llx                              0x00000000   Number         0  stubs.o ABSOLUTE
    _printf_longlong_dec                     0x00000000   Number         0  stubs.o ABSOLUTE
    _printf_longlong_hex                     0x00000000   Number         0  stubs.o ABSOLUTE
    _printf_longlong_oct                     0x00000000   Number         0  stubs.o ABSOLUTE
    _printf_ls                               0x00000000   Number         0  stubs.o ABSOLUTE
    _printf_mbtowc                           0x00000000   Number         0  stubs.o ABSOLUTE
    _printf_n                                0x00000000   Number         0  stubs.o ABSOLUTE
    _printf_o                                0x00000000   Number         0  stubs.o ABSOLUTE
    _printf_p                                0x00000000   Number         0  stubs.o ABSOLUTE
    _printf_percent                          0x00000000   Number         0  stubs.o ABSOLUTE
    _printf_pre_padding                      0x00000000   Number         0  stubs.o ABSOLUTE
    _printf_return_value                     0x00000000   Number         0  stubs.o ABSOLUTE
    _printf_s                                0x00000000   Number         0  stubs.o ABSOLUTE
    _printf_sizespec                         0x00000000   Number         0  stubs.o ABSOLUTE
    _printf_str                              0x00000000   Number         0  stubs.o ABSOLUTE
    _printf_truncate_signed                  0x00000000   Number         0  stubs.o ABSOLUTE
    _printf_truncate_unsigned                0x00000000   Number         0  stubs.o ABSOLUTE
    _printf_u                                0x00000000   Number         0  stubs.o ABSOLUTE
    _printf_wc                               0x00000000   Number         0  stubs.o ABSOLUTE
    _printf_wctomb                           0x00000000   Number         0  stubs.o ABSOLUTE
    _printf_widthprec                        0x00000000   Number         0  stubs.o ABSOLUTE
    _printf_x                                0x00000000   Number         0  stubs.o ABSOLUTE
    __cpp_initialize__aeabi_                  - Undefined Weak Reference
    __cxa_finalize                            - Undefined Weak Reference
    __decompress                              - Undefined Weak Reference
    _clock_init                               - Undefined Weak Reference
    _microlib_exit                            - Undefined Weak Reference
    __Vectors_Size                           0x00000120   Number         0  startup_stm32f100xb.o ABSOLUTE
    __Vectors                                0x08000000   Data           4  startup_stm32f100xb.o(RESET)
    __Vectors_End                            0x08000120   Data           0  startup_stm32f100xb.o(RESET)
    __main                                   0x08000121   Thumb Code     0  entry.o(.ARM.Collect$$$$00000000)
    _main_stk                                0x08000121   Thumb Code     0  entry2.o(.ARM.Collect$$$$00000001)
    _main_scatterload                        0x08000125   Thumb Code     0  entry5.o(.ARM.Collect$$$$00000004)
    __main_after_scatterload                 0x08000129   Thumb Code     0  entry5.o(.ARM.Collect$$$$00000004)
    _main_clock                              0x08000129   Thumb Code     0  entry7b.o(.ARM.Collect$$$$00000008)
    _main_cpp_init                           0x08000129   Thumb Code     0  entry8b.o(.ARM.Collect$$$$0000000A)
    _main_init                               0x08000129   Thumb Code     0  entry9a.o(.ARM.Collect$$$$0000000B)
    __rt_final_cpp                           0x08000131   Thumb Code     0  entry10a.o(.ARM.Collect$$$$0000000D)
    __rt_final_exit                          0x08000131   Thumb Code     0  entry11a.o(.ARM.Collect$$$$0000000F)
    Reset_Handler                            0x08000135   Thumb Code     8  startup_stm32f100xb.o(.text)
    NMI_Handler                              0x0800013d   Thumb Code     2  startup_stm32f100xb.o(.text)
    HardFault_Handler                        0x0800013f   Thumb Code     2  startup_stm32f100xb.o(.text)
    MemManage_Handler                        0x08000141   Thumb Code     2  startup_stm32f100xb.o(.text)
    BusFault_Handler                         0x08000143   Thumb Code     2  startup_stm32f100xb.o(.text)
    UsageFault_Handler                       0x08000145   Thumb Code     2  startup_stm32f100xb.o(.text)
    SVC_Handler                              0x08000147   Thumb Code     2  startup_stm32f100xb.o(.text)
    DebugMon_Handler                         0x08000149   Thumb Code     2  startup_stm32f100xb.o(.text)
    PendSV_Handler                           0x0800014b   Thumb Code     2  startup_stm32f100xb.o(.text)
    ADC1_IRQHandler                          0x0800014f   Thumb Code     0  startup_stm32f100xb.o(.text)
    CEC_IRQHandler                           0x0800014f   Thumb Code     0  startup_stm32f100xb.o(.text)
    DMA1_Channel1_IRQHandler                 0x0800014f   Thumb Code     0  startup_stm32f100xb.o(.text)
    DMA1_Channel4_IRQHandler                 0x0800014f   Thumb Code     0  startup_stm32f100xb.o(.text)
    DMA1_Channel5_IRQHandler                 0x0800014f   Thumb Code     0  startup_stm32f100xb.o(.text)
    DMA1_Channel6_IRQHandler                 0x0800014f   Thumb Code     0  startup_stm32f100xb.o(.text)
    DMA1_Channel7_IRQHandler                 0x0800014f   Thumb Code     0  startup_stm32f100xb.o(.text)
    EXTI0_IRQHandler                         0x0800014f   Thumb Code     0  startup_stm32f100xb.o(.text)
    EXTI15_10_IRQHandler                     0x0800014f   Thumb Code     0  startup_stm32f100xb.o(.text)
    EXTI1_IRQHandler                         0x0800014f   Thumb Code     0  startup_stm32f100xb.o(.text)
    EXTI3_IRQHandler                         0x0800014f   Thumb Code     0  startup_stm32f100xb.o(.text)
    EXTI4_IRQHandler                         0x0800014f   Thumb Code     0  startup_stm32f100xb.o(.text)
    EXTI9_5_IRQHandler                       0x0800014f   Thumb Code     0  startup_stm32f100xb.o(.text)
    FLASH_IRQHandler                         0x0800014f   Thumb Code     0  startup_stm32f100xb.o(.text)
    I2C1_ER_IRQHandler                       0x0800014f   Thumb Code     0  startup_stm32f100xb.o(.text)
    I2C1_EV_IRQHandler                       0x0800014f   Thumb Code     0  startup_stm32f100xb.o(.text)
    I2C2_ER_IRQHandler                       0x0800014f   Thumb Code     0  startup_stm32f100xb.o(.text)
    I2C2_EV_IRQHandler                       0x0800014f   Thumb Code     0  startup_stm32f100xb.o(.text)
    PVD_IRQHandler                           0x0800014f   Thumb Code     0  startup_stm32f100xb.o(.text)
    RCC_IRQHandler                           0x0800014f   Thumb Code     0  startup_stm32f100xb.o(.text)
    RTC_Alarm_IRQHandler                     0x0800014f   Thumb Code     0  startup_stm32f100xb.o(.text)
    RTC_IRQHandler                           0x0800014f   Thumb Code     0  startup_stm32f100xb.o(.text)
    SPI1_IRQHandler                          0x0800014f   Thumb Code     0  startup_stm32f100xb.o(.text)
    SPI2_IRQHandler                          0x0800014f   Thumb Code     0  startup_stm32f100xb.o(.text)
    TAMPER_IRQHandler                        0x0800014f   Thumb Code     0  startup_stm32f100xb.o(.text)
    TIM1_BRK_TIM15_IRQHandler                0x0800014f   Thumb Code     0  startup_stm32f100xb.o(.text)
    TIM1_TRG_COM_TIM17_IRQHandler            0x0800014f   Thumb Code     0  startup_stm32f100xb.o(.text)
    TIM1_UP_TIM16_IRQHandler                 0x0800014f   Thumb Code     0  startup_stm32f100xb.o(.text)
    TIM3_IRQHandler                          0x0800014f   Thumb Code     0  startup_stm32f100xb.o(.text)
    TIM6_DAC_IRQHandler                      0x0800014f   Thumb Code     0  startup_stm32f100xb.o(.text)
    TIM7_IRQHandler                          0x0800014f   Thumb Code     0  startup_stm32f100xb.o(.text)
    USART2_IRQHandler                        0x0800014f   Thumb Code     0  startup_stm32f100xb.o(.text)
    USART3_IRQHandler                        0x0800014f   Thumb Code     0  startup_stm32f100xb.o(.text)
    WWDG_IRQHandler                          0x0800014f   Thumb Code     0  startup_stm32f100xb.o(.text)
    __aeabi_memcpy                           0x08000159   Thumb Code    36  memcpya.o(.text)
    __aeabi_memcpy4                          0x08000159   Thumb Code     0  memcpya.o(.text)
    __aeabi_memcpy8                          0x08000159   Thumb Code     0  memcpya.o(.text)
    __aeabi_memset                           0x0800017d   Thumb Code    14  memseta.o(.text)
    __aeabi_memset4                          0x0800017d   Thumb Code     0  memseta.o(.text)
    __aeabi_memset8                          0x0800017d   Thumb Code     0  memseta.o(.text)
    __aeabi_memclr                           0x0800018b   Thumb Code     4  memseta.o(.text)
    __aeabi_memclr4                          0x0800018b   Thumb Code     0  memseta.o(.text)
    __aeabi_memclr8                          0x0800018b   Thumb Code     0  memseta.o(.text)
    _memset$wrapper                          0x0800018f   Thumb Code    18  memseta.o(.text)
    __aeabi_dmul                             0x080001a1   Thumb Code   228  dmul.o(.text)
    __aeabi_ddiv                             0x08000285   Thumb Code   222  ddiv.o(.text)
    __ARM_scalbn                             0x08000363   Thumb Code    46  dscalb.o(.text)
    scalbn                                   0x08000363   Thumb Code     0  dscalb.o(.text)
    __aeabi_ui2d                             0x08000391   Thumb Code    26  dfltui.o(.text)
    __aeabi_d2uiz                            0x080003ab   Thumb Code    50  dfixui.o(.text)
    __aeabi_uidiv                            0x080003dd   Thumb Code     0  uidiv.o(.text)
    __aeabi_uidivmod                         0x080003dd   Thumb Code    44  uidiv.o(.text)
    __aeabi_llsr                             0x08000409   Thumb Code    32  llushr.o(.text)
    _ll_ushift_r                             0x08000409   Thumb Code     0  llushr.o(.text)
    __I$use$fp                               0x08000429   Thumb Code     0  iusefp.o(.text)
    _double_round                            0x08000429   Thumb Code    30  depilogue.o(.text)
    _double_epilogue                         0x08000447   Thumb Code   156  depilogue.o(.text)
    __scatterload                            0x080004e5   Thumb Code    28  init.o(.text)
    __scatterload_rt2                        0x080004e5   Thumb Code     0  init.o(.text)
    __aeabi_llsl                             0x08000509   Thumb Code    30  llshl.o(.text)
    _ll_shift_l                              0x08000509   Thumb Code     0  llshl.o(.text)
    BSP_LED_Init                             0x08000529   Thumb Code    80  stm32vl_discovery.o(i.BSP_LED_Init)
    DMA1_Channel2_IRQHandler                 0x08000585   Thumb Code    42  bsp_spi1_dma.o(i.DMA1_Channel2_IRQHandler)
    DMA1_Channel3_IRQHandler                 0x080005b9   Thumb Code    56  bsp_spi1_dma.o(i.DMA1_Channel3_IRQHandler)
    EXTI2_IRQHandler                         0x080005fd   Thumb Code    38  bsp_spi1_dma.o(i.EXTI2_IRQHandler)
    HAL_DMA_Init                             0x08000629   Thumb Code    92  stm32f1xx_hal_dma.o(i.HAL_DMA_Init)
    HAL_Delay                                0x0800068d   Thumb Code    28  stm32f1xx_hal.o(i.HAL_Delay)
    HAL_GPIO_Init                            0x080006a9   Thumb Code   408  stm32f1xx_hal_gpio.o(i.HAL_GPIO_Init)
    HAL_GPIO_WritePin                        0x08000865   Thumb Code    10  stm32f1xx_hal_gpio.o(i.HAL_GPIO_WritePin)
    HAL_GetTick                              0x08000871   Thumb Code     6  stm32f1xx_hal.o(i.HAL_GetTick)
    HAL_IncTick                              0x0800087d   Thumb Code    10  stm32f1xx_hal.o(i.HAL_IncTick)
    HAL_Init                                 0x0800088d   Thumb Code    22  stm32f1xx_hal.o(i.HAL_Init)
    HAL_InitTick                             0x080008a5   Thumb Code    34  stm32f1xx_hal.o(i.HAL_InitTick)
    HAL_MspInit                              0x080008cd   Thumb Code     2  stm32f1xx_hal.o(i.HAL_MspInit)
    HAL_NVIC_EnableIRQ                       0x080008cf   Thumb Code    22  stm32f1xx_hal_cortex.o(i.HAL_NVIC_EnableIRQ)
    HAL_NVIC_SetPriority                     0x080008e5   Thumb Code    60  stm32f1xx_hal_cortex.o(i.HAL_NVIC_SetPriority)
    HAL_NVIC_SetPriorityGrouping             0x08000925   Thumb Code    26  stm32f1xx_hal_cortex.o(i.HAL_NVIC_SetPriorityGrouping)
    HAL_RCC_ClockConfig                      0x08000949   Thumb Code   238  stm32f1xx_hal_rcc.o(i.HAL_RCC_ClockConfig)
    HAL_RCC_GetSysClockFreq                  0x08000a45   Thumb Code    78  stm32f1xx_hal_rcc.o(i.HAL_RCC_GetSysClockFreq)
    HAL_RCC_OscConfig                        0x08000ac1   Thumb Code   750  stm32f1xx_hal_rcc.o(i.HAL_RCC_OscConfig)
    HAL_SPI_Init                             0x08000dc5   Thumb Code   122  stm32f1xx_hal_spi_ex.o(i.HAL_SPI_Init)
    HAL_SPI_MspInit                          0x08000e45   Thumb Code     2  stm32f1xx_hal_spi.o(i.HAL_SPI_MspInit)
    HAL_SYSTICK_Config                       0x08000e47   Thumb Code    40  stm32f1xx_hal_cortex.o(i.HAL_SYSTICK_Config)
    HAL_TIM_Base_Init                        0x08000e6f   Thumb Code    54  stm32f1xx_hal_tim.o(i.HAL_TIM_Base_Init)
    HAL_TIM_Base_MspInit                     0x08000ea5   Thumb Code     2  stm32f1xx_hal_tim.o(i.HAL_TIM_Base_MspInit)
    HAL_TIM_IC_ConfigChannel                 0x08000ea7   Thumb Code   282  stm32f1xx_hal_tim.o(i.HAL_TIM_IC_ConfigChannel)
    HAL_TIM_IC_Start_IT                      0x08000fc1   Thumb Code    76  stm32f1xx_hal_tim.o(i.HAL_TIM_IC_Start_IT)
    HAL_TIM_IC_Stop_IT                       0x0800100d   Thumb Code    94  stm32f1xx_hal_tim.o(i.HAL_TIM_IC_Stop_IT)
    ModbusRTU_Crc                            0x0800106b   Thumb Code    34  modbus_protocol.o(i.ModbusRTU_Crc)
    SysTick_Handler                          0x08001151   Thumb Code     4  app_init.o(i.SysTick_Handler)
    SystemInit                               0x08001155   Thumb Code    60  system_stm32f1xx.o(i.SystemInit)
    TIM1_CC_IRQHandler                       0x080011a1   Thumb Code   204  bsp_tim1_pwm.o(i.TIM1_CC_IRQHandler)
    TIM2_IRQHandler                          0x0800127d   Thumb Code   320  bsp_tim2_events.o(i.TIM2_IRQHandler)
    TIM4_IRQHandler                          0x080013c1   Thumb Code   432  bsp_tim3_ic.o(i.TIM4_IRQHandler)
    TIM_Base_SetConfig                       0x0800157d   Thumb Code   126  stm32f1xx_hal_tim.o(i.TIM_Base_SetConfig)
    TIM_CCxChannelCmd                        0x08001615   Thumb Code    22  stm32f1xx_hal_tim.o(i.TIM_CCxChannelCmd)
    TIM_TI1_SetConfig                        0x0800162d   Thumb Code    82  stm32f1xx_hal_tim.o(i.TIM_TI1_SetConfig)
    USART1_IRQHandler                        0x080016c9   Thumb Code   108  bsp_uart1.o(i.USART1_IRQHandler)
    __0printf$3                              0x08001745   Thumb Code    22  printf3.o(i.__0printf$3)
    __1printf$3                              0x08001745   Thumb Code     0  printf3.o(i.__0printf$3)
    __2printf                                0x08001745   Thumb Code     0  printf3.o(i.__0printf$3)
    __scatterload_copy                       0x08001765   Thumb Code    14  handlers.o(i.__scatterload_copy)
    __scatterload_null                       0x08001773   Thumb Code     2  handlers.o(i.__scatterload_null)
    __scatterload_zeroinit                   0x08001775   Thumb Code    14  handlers.o(i.__scatterload_zeroinit)
    app_callback_cnt_ch1                     0x0800193d   Thumb Code    22  app_callbacks.o(i.app_callback_cnt_ch1)
    app_callback_cnt_ch2                     0x08001971   Thumb Code    22  app_callbacks.o(i.app_callback_cnt_ch2)
    app_callback_cnt_ch3                     0x080019a5   Thumb Code    22  app_callbacks.o(i.app_callback_cnt_ch3)
    app_callback_cnt_ch4                     0x080019d9   Thumb Code    22  app_callbacks.o(i.app_callback_cnt_ch4)
    app_callback_cnt_prd                     0x08001a0d   Thumb Code    54  app_callbacks.o(i.app_callback_cnt_prd)
    app_callback_cnt_res                     0x08001a65   Thumb Code    20  app_callbacks.o(i.app_callback_cnt_res)
    app_callback_cnt_sr                      0x08001a95   Thumb Code   110  app_callbacks.o(i.app_callback_cnt_sr)
    app_callback_pwm_cnt                     0x08001b41   Thumb Code    22  app_callbacks.o(i.app_callback_pwm_cnt)
    app_callback_pwm_cr                      0x08001b75   Thumb Code    12  app_callbacks.o(i.app_callback_pwm_cr)
    app_callback_pwm_dut                     0x08001b9d   Thumb Code    20  app_callbacks.o(i.app_callback_pwm_dut)
    app_callback_pwm_prd                     0x08001bcd   Thumb Code    20  app_callbacks.o(i.app_callback_pwm_prd)
    app_callback_pwm_psc                     0x08001bfd   Thumb Code    20  app_callbacks.o(i.app_callback_pwm_psc)
    app_callback_sys_config_cr1              0x08001c2d   Thumb Code    12  app_callbacks.o(i.app_callback_sys_config_cr1)
    app_callback_sys_config_en               0x08001c59   Thumb Code   338  app_callbacks.o(i.app_callback_sys_config_en)
    app_callback_sys_config_sr               0x08001db5   Thumb Code   102  app_callbacks.o(i.app_callback_sys_config_sr)
    app_init                                 0x08001e41   Thumb Code   188  app_init.o(i.app_init)
    bsp_dac_get_voltage                      0x08001f11   Thumb Code    34  bsp_dac.o(i.bsp_dac_get_voltage)
    bsp_dac_init                             0x08001f3d   Thumb Code    70  bsp_dac.o(i.bsp_dac_init)
    bsp_dac_set_voltage                      0x08001f91   Thumb Code    80  bsp_dac.o(i.bsp_dac_set_voltage)
    bsp_spi1_dma_enable_rx                   0x08001fe9   Thumb Code    96  bsp_spi1_dma.o(i.bsp_spi1_dma_enable_rx)
    bsp_spi1_dma_enable_tx                   0x0800205d   Thumb Code    98  bsp_spi1_dma.o(i.bsp_spi1_dma_enable_tx)
    bsp_spi1_dma_get_byte                    0x080020d5   Thumb Code    36  bsp_spi1_dma.o(i.bsp_spi1_dma_get_byte)
    bsp_spi1_dma_get_data                    0x08002101   Thumb Code    34  bsp_spi1_dma.o(i.bsp_spi1_dma_get_data)
    bsp_spi1_dma_init                        0x08002125   Thumb Code   352  bsp_spi1_dma.o(i.bsp_spi1_dma_init)
    bsp_spi1_dma_put_byte                    0x080022a9   Thumb Code    24  bsp_spi1_dma.o(i.bsp_spi1_dma_put_byte)
    bsp_spi1_dma_set_rx_size                 0x080022c9   Thumb Code    16  bsp_spi1_dma.o(i.bsp_spi1_dma_set_rx_size)
    bsp_tim1_pwm_init                        0x080022dd   Thumb Code   228  bsp_tim1_pwm.o(i.bsp_tim1_pwm_init)
    bsp_tim1_pwm_is_enabled                  0x080023cd   Thumb Code    54  bsp_tim1_pwm.o(i.bsp_tim1_pwm_is_enabled)
    bsp_tim1_pwm_set_count                   0x08002409   Thumb Code    30  bsp_tim1_pwm.o(i.bsp_tim1_pwm_set_count)
    bsp_tim1_pwm_set_duty_cycle              0x0800242d   Thumb Code    76  bsp_tim1_pwm.o(i.bsp_tim1_pwm_set_duty_cycle)
    bsp_tim1_pwm_set_period                  0x08002481   Thumb Code    38  bsp_tim1_pwm.o(i.bsp_tim1_pwm_set_period)
    bsp_tim1_pwm_set_resolution              0x080024ad   Thumb Code    10  bsp_tim1_pwm.o(i.bsp_tim1_pwm_set_resolution)
    bsp_tim1_pwm_start                       0x080024bd   Thumb Code   132  bsp_tim1_pwm.o(i.bsp_tim1_pwm_start)
    bsp_tim1_pwm_stop                        0x08002551   Thumb Code   142  bsp_tim1_pwm.o(i.bsp_tim1_pwm_stop)
    bsp_tim2_events_forget_event             0x080025f1   Thumb Code   102  bsp_tim2_events.o(i.bsp_tim2_events_forget_event)
    bsp_tim2_events_init                     0x08002661   Thumb Code   112  bsp_tim2_events.o(i.bsp_tim2_events_init)
    bsp_tim4_ic_get_frequency                0x080026d9   Thumb Code    54  bsp_tim3_ic.o(i.bsp_tim4_ic_get_frequency)
    bsp_tim4_ic_init                         0x08002715   Thumb Code   192  bsp_tim3_ic.o(i.bsp_tim4_ic_init)
    bsp_tim4_ic_is_captured                  0x080027ed   Thumb Code    14  bsp_tim3_ic.o(i.bsp_tim4_ic_is_captured)
    bsp_tim4_ic_set_limit                    0x08002801   Thumb Code    38  bsp_tim3_ic.o(i.bsp_tim4_ic_set_limit)
    bsp_tim4_ic_set_resolution               0x0800282d   Thumb Code    10  bsp_tim3_ic.o(i.bsp_tim4_ic_set_resolution)
    bsp_tim4_ic_start_capture                0x0800283d   Thumb Code   128  bsp_tim3_ic.o(i.bsp_tim4_ic_start_capture)
    bsp_tim4_ic_stop_capture                 0x080028c5   Thumb Code    56  bsp_tim3_ic.o(i.bsp_tim4_ic_stop_capture)
    bsp_uart1_put_byte                       0x08002901   Thumb Code    52  bsp_uart1.o(i.bsp_uart1_put_byte)
    debug_init                               0x08002995   Thumb Code     6  debug_print.o(i.debug_init)
    fputc                                    0x080029a1   Thumb Code    18  debug_print.o(i.fputc)
    main                                     0x080029b9   Thumb Code   108  main.o(i.main)
    modbus_protocol_create_frame             0x08002a25   Thumb Code   138  modbus_protocol.o(i.modbus_protocol_create_frame)
    modbus_protocol_get_frame                0x08002ab1   Thumb Code    16  modbus_protocol.o(i.modbus_protocol_get_frame)
    modbus_protocol_parse_byte               0x08002ac5   Thumb Code   160  modbus_protocol.o(i.modbus_protocol_parse_byte)
    modbus_protocol_parse_data               0x08002b71   Thumb Code    28  modbus_protocol.o(i.modbus_protocol_parse_data)
    modbus_protocol_reset                    0x08002b8d   Thumb Code     8  modbus_protocol.o(i.modbus_protocol_reset)
    modbus_register_init                     0x08002b99   Thumb Code   148  app_callbacks.o(i.modbus_register_init)
    modbus_register_make_int16               0x08002c6d   Thumb Code     8  modbus_register.o(i.modbus_register_make_int16)
    modbus_register_read_value               0x08002c75   Thumb Code    22  modbus_register.o(i.modbus_register_read_value)
    modbus_register_set_readonly             0x08002c91   Thumb Code    18  modbus_register.o(i.modbus_register_set_readonly)
    modbus_register_set_value                0x08002ca9   Thumb Code    58  modbus_register.o(i.modbus_register_set_value)
    modbus_rtu_callback_handler              0x08002ce9   Thumb Code    68  modbus_control.o(i.modbus_rtu_callback_handler)
    modbus_rtu_disable_callback_handler      0x08002d31   Thumb Code     8  modbus_control.o(i.modbus_rtu_disable_callback_handler)
    modbus_rtu_init                          0x08002d3d   Thumb Code    12  modbus_control.o(i.modbus_rtu_init)
    modbus_rtu_process_input                 0x08002d75   Thumb Code   180  modbus_control.o(i.modbus_rtu_process_input)
    modbus_rtu_register_callback             0x08002e59   Thumb Code    18  modbus_control.o(i.modbus_rtu_register_callback)
    modbus_rtu_send_frame                    0x08002e71   Thumb Code    74  modbus_control.o(i.modbus_rtu_send_frame)
    modbus_rx_wrapper                        0x08002f8b   Thumb Code     4  app_callbacks.o(i.modbus_rx_wrapper)
    modbus_tx_wrapper                        0x08002f91   Thumb Code    26  app_callbacks.o(i.modbus_tx_wrapper)
    spi1_dma_rx_callback                     0x08002fb5   Thumb Code    50  app_callbacks.o(i.spi1_dma_rx_callback)
    spi1_dma_tx_callback                     0x08002ff1   Thumb Code     4  app_callbacks.o(i.spi1_dma_tx_callback)
    BUTTON_IRQn                              0x08002ff4   Data           1  stm32vl_discovery.o(.constdata)
    BUTTON_PIN                               0x08002ff6   Data           2  stm32vl_discovery.o(.constdata)
    LED_PIN                                  0x08002ff8   Data           4  stm32vl_discovery.o(.constdata)
    AHBPrescTable                            0x08003054   Data          16  system_stm32f1xx.o(.constdata)
    Region$$Table$$Base                      0x08003064   Number         0  anon$$obj.o(Region$$Table)
    Region$$Table$$Limit                     0x08003084   Number         0  anon$$obj.o(Region$$Table)
    g_flag_new_command                       0x20000000   Data           1  app_callbacks.o(.data)
    __stdout                                 0x20000020   Data           4  debug_print.o(.data)
    BUTTON_PORT                              0x20000024   Data           4  stm32vl_discovery.o(.data)
    LED_PORT                                 0x20000028   Data           8  stm32vl_discovery.o(.data)
    uwTick                                   0x20000074   Data           4  stm32f1xx_hal.o(.data)
    uCRCErrorWorkaroundCheck                 0x20000078   Data           1  stm32f1xx_hal_spi_ex.o(.data)
    SystemCoreClock                          0x2000007c   Data           4  system_stm32f1xx.o(.data)
    g_dma_cmd_buffer                         0x20000080   Data          20  app_callbacks.o(.bss)
    g_modbus_callback_table                  0x20000094   Data         100  modbus_control.o(.bss)
    g_holding_reg_table                      0x20000606   Data          50  modbus_register.o(.bss)
    g_modbus_readonly_table                  0x20000638   Data          50  modbus_register.o(.bss)
    g_modbus_limit_table                     0x2000066a   Data         100  modbus_register.o(.bss)
    __initial_sp                             0x20000d38   Data           0  startup_stm32f100xb.o(STACK)



==============================================================================

Memory Map of the image

  Image Entry point : 0x08000121

  Load Region LR_IROM1 (Base: 0x08000000, Size: 0x00003104, Max: 0x00020000, ABSOLUTE)

    Execution Region ER_IROM1 (Base: 0x08000000, Size: 0x00003084, Max: 0x00020000, ABSOLUTE)

    Base Addr    Size         Type   Attr      Idx    E Section Name        Object

    0x08000000   0x00000120   Data   RO         4388    RESET               startup_stm32f100xb.o
    0x08000120   0x00000000   Code   RO         4393  * .ARM.Collect$$$$00000000  mc_w.l(entry.o)
    0x08000120   0x00000004   Code   RO         4675    .ARM.Collect$$$$00000001  mc_w.l(entry2.o)
    0x08000124   0x00000004   Code   RO         4678    .ARM.Collect$$$$00000004  mc_w.l(entry5.o)
    0x08000128   0x00000000   Code   RO         4680    .ARM.Collect$$$$00000008  mc_w.l(entry7b.o)
    0x08000128   0x00000000   Code   RO         4682    .ARM.Collect$$$$0000000A  mc_w.l(entry8b.o)
    0x08000128   0x00000008   Code   RO         4683    .ARM.Collect$$$$0000000B  mc_w.l(entry9a.o)
    0x08000130   0x00000000   Code   RO         4685    .ARM.Collect$$$$0000000D  mc_w.l(entry10a.o)
    0x08000130   0x00000000   Code   RO         4687    .ARM.Collect$$$$0000000F  mc_w.l(entry11a.o)
    0x08000130   0x00000004   Code   RO         4676    .ARM.Collect$$$$00002712  mc_w.l(entry2.o)
    0x08000134   0x00000024   Code   RO         4389    .text               startup_stm32f100xb.o
    0x08000158   0x00000024   Code   RO         4396    .text               mc_w.l(memcpya.o)
    0x0800017c   0x00000024   Code   RO         4398    .text               mc_w.l(memseta.o)
    0x080001a0   0x000000e4   Code   RO         4665    .text               mf_w.l(dmul.o)
    0x08000284   0x000000de   Code   RO         4667    .text               mf_w.l(ddiv.o)
    0x08000362   0x0000002e   Code   RO         4669    .text               mf_w.l(dscalb.o)
    0x08000390   0x0000001a   Code   RO         4671    .text               mf_w.l(dfltui.o)
    0x080003aa   0x00000032   Code   RO         4673    .text               mf_w.l(dfixui.o)
    0x080003dc   0x0000002c   Code   RO         4689    .text               mc_w.l(uidiv.o)
    0x08000408   0x00000020   Code   RO         4693    .text               mc_w.l(llushr.o)
    0x08000428   0x00000000   Code   RO         4695    .text               mc_w.l(iusefp.o)
    0x08000428   0x000000ba   Code   RO         4696    .text               mf_w.l(depilogue.o)
    0x080004e2   0x00000002   PAD
    0x080004e4   0x00000024   Code   RO         4704    .text               mc_w.l(init.o)
    0x08000508   0x0000001e   Code   RO         4706    .text               mc_w.l(llshl.o)
    0x08000526   0x00000002   PAD
    0x08000528   0x0000005c   Code   RO          683    i.BSP_LED_Init      stm32vl_discovery.o
    0x08000584   0x00000034   Code   RO          826    i.DMA1_Channel2_IRQHandler  bsp_spi1_dma.o
    0x080005b8   0x00000044   Code   RO          827    i.DMA1_Channel3_IRQHandler  bsp_spi1_dma.o
    0x080005fc   0x0000002c   Code   RO          828    i.EXTI2_IRQHandler  bsp_spi1_dma.o
    0x08000628   0x00000064   Code   RO         1758    i.HAL_DMA_Init      stm32f1xx_hal_dma.o
    0x0800068c   0x0000001c   Code   RO         3929    i.HAL_Delay         stm32f1xx_hal.o
    0x080006a8   0x000001bc   Code   RO         2029    i.HAL_GPIO_Init     stm32f1xx_hal_gpio.o
    0x08000864   0x0000000a   Code   RO         2033    i.HAL_GPIO_WritePin  stm32f1xx_hal_gpio.o
    0x0800086e   0x00000002   PAD
    0x08000870   0x0000000c   Code   RO         3933    i.HAL_GetTick       stm32f1xx_hal.o
    0x0800087c   0x00000010   Code   RO         3935    i.HAL_IncTick       stm32f1xx_hal.o
    0x0800088c   0x00000016   Code   RO         3936    i.HAL_Init          stm32f1xx_hal.o
    0x080008a2   0x00000002   PAD
    0x080008a4   0x00000028   Code   RO         3937    i.HAL_InitTick      stm32f1xx_hal.o
    0x080008cc   0x00000002   Code   RO         3939    i.HAL_MspInit       stm32f1xx_hal.o
    0x080008ce   0x00000016   Code   RO         4098    i.HAL_NVIC_EnableIRQ  stm32f1xx_hal_cortex.o
    0x080008e4   0x00000040   Code   RO         4104    i.HAL_NVIC_SetPriority  stm32f1xx_hal_cortex.o
    0x08000924   0x00000024   Code   RO         4105    i.HAL_NVIC_SetPriorityGrouping  stm32f1xx_hal_cortex.o
    0x08000948   0x000000fc   Code   RO         4214    i.HAL_RCC_ClockConfig  stm32f1xx_hal_rcc.o
    0x08000a44   0x0000007c   Code   RO         4223    i.HAL_RCC_GetSysClockFreq  stm32f1xx_hal_rcc.o
    0x08000ac0   0x00000304   Code   RO         4226    i.HAL_RCC_OscConfig  stm32f1xx_hal_rcc.o
    0x08000dc4   0x00000080   Code   RO         4063    i.HAL_SPI_Init      stm32f1xx_hal_spi_ex.o
    0x08000e44   0x00000002   Code   RO         2105    i.HAL_SPI_MspInit   stm32f1xx_hal_spi.o
    0x08000e46   0x00000028   Code   RO         4109    i.HAL_SYSTICK_Config  stm32f1xx_hal_cortex.o
    0x08000e6e   0x00000036   Code   RO         3293    i.HAL_TIM_Base_Init  stm32f1xx_hal_tim.o
    0x08000ea4   0x00000002   Code   RO         3295    i.HAL_TIM_Base_MspInit  stm32f1xx_hal_tim.o
    0x08000ea6   0x0000011a   Code   RO         3323    i.HAL_TIM_IC_ConfigChannel  stm32f1xx_hal_tim.o
    0x08000fc0   0x0000004c   Code   RO         3331    i.HAL_TIM_IC_Start_IT  stm32f1xx_hal_tim.o
    0x0800100c   0x0000005e   Code   RO         3334    i.HAL_TIM_IC_Stop_IT  stm32f1xx_hal_tim.o
    0x0800106a   0x00000022   Code   RO          551    i.ModbusRTU_Crc     modbus_protocol.o
    0x0800108c   0x00000016   Code   RO          829    i.NVIC_ClearPendingIRQ  bsp_spi1_dma.o
    0x080010a2   0x00000016   Code   RO          937    i.NVIC_ClearPendingIRQ  bsp_tim3_ic.o
    0x080010b8   0x00000016   Code   RO         1020    i.NVIC_ClearPendingIRQ  bsp_tim1_pwm.o
    0x080010ce   0x00000016   Code   RO         1112    i.NVIC_ClearPendingIRQ  bsp_tim2_events.o
    0x080010e4   0x00000016   Code   RO          746    i.NVIC_DisableIRQ   bsp_uart1.o
    0x080010fa   0x00000016   Code   RO          747    i.NVIC_EnableIRQ    bsp_uart1.o
    0x08001110   0x00000020   Code   RO          830    i.NVIC_SetPriority  bsp_spi1_dma.o
    0x08001130   0x00000020   Code   RO         4111    i.NVIC_SetPriority  stm32f1xx_hal_cortex.o
    0x08001150   0x00000004   Code   RO          283    i.SysTick_Handler   app_init.o
    0x08001154   0x0000004c   Code   RO         4352    i.SystemInit        system_stm32f1xx.o
    0x080011a0   0x000000dc   Code   RO         1021    i.TIM1_CC_IRQHandler  bsp_tim1_pwm.o
    0x0800127c   0x00000144   Code   RO         1113    i.TIM2_IRQHandler   bsp_tim2_events.o
    0x080013c0   0x000001bc   Code   RO          938    i.TIM4_IRQHandler   bsp_tim3_ic.o
    0x0800157c   0x00000098   Code   RO         3377    i.TIM_Base_SetConfig  stm32f1xx_hal_tim.o
    0x08001614   0x00000016   Code   RO         3378    i.TIM_CCxChannelCmd  stm32f1xx_hal_tim.o
    0x0800162a   0x00000002   PAD
    0x0800162c   0x00000064   Code   RO         3392    i.TIM_TI1_SetConfig  stm32f1xx_hal_tim.o
    0x08001690   0x00000036   Code   RO         3394    i.TIM_TI2_SetConfig  stm32f1xx_hal_tim.o
    0x080016c6   0x00000002   PAD
    0x080016c8   0x0000007c   Code   RO          748    i.USART1_IRQHandler  bsp_uart1.o
    0x08001744   0x00000020   Code   RO         4493    i.__0printf$3       mc_w.l(printf3.o)
    0x08001764   0x0000000e   Code   RO         4712    i.__scatterload_copy  mc_w.l(handlers.o)
    0x08001772   0x00000002   Code   RO         4713    i.__scatterload_null  mc_w.l(handlers.o)
    0x08001774   0x0000000e   Code   RO         4714    i.__scatterload_zeroinit  mc_w.l(handlers.o)
    0x08001782   0x00000002   PAD
    0x08001784   0x000001b8   Code   RO         4500    i._printf_core      mc_w.l(printf3.o)
    0x0800193c   0x00000034   Code   RO          313    i.app_callback_cnt_ch1  app_callbacks.o
    0x08001970   0x00000034   Code   RO          314    i.app_callback_cnt_ch2  app_callbacks.o
    0x080019a4   0x00000034   Code   RO          315    i.app_callback_cnt_ch3  app_callbacks.o
    0x080019d8   0x00000034   Code   RO          316    i.app_callback_cnt_ch4  app_callbacks.o
    0x08001a0c   0x00000058   Code   RO          317    i.app_callback_cnt_prd  app_callbacks.o
    0x08001a64   0x00000030   Code   RO          318    i.app_callback_cnt_res  app_callbacks.o
    0x08001a94   0x000000ac   Code   RO          319    i.app_callback_cnt_sr  app_callbacks.o
    0x08001b40   0x00000034   Code   RO          321    i.app_callback_pwm_cnt  app_callbacks.o
    0x08001b74   0x00000028   Code   RO          322    i.app_callback_pwm_cr  app_callbacks.o
    0x08001b9c   0x00000030   Code   RO          323    i.app_callback_pwm_dut  app_callbacks.o
    0x08001bcc   0x00000030   Code   RO          324    i.app_callback_pwm_prd  app_callbacks.o
    0x08001bfc   0x00000030   Code   RO          325    i.app_callback_pwm_psc  app_callbacks.o
    0x08001c2c   0x0000002c   Code   RO          327    i.app_callback_sys_config_cr1  app_callbacks.o
    0x08001c58   0x0000015c   Code   RO          328    i.app_callback_sys_config_en  app_callbacks.o
    0x08001db4   0x0000008c   Code   RO          329    i.app_callback_sys_config_sr  app_callbacks.o
    0x08001e40   0x000000d0   Code   RO          284    i.app_init          app_init.o
    0x08001f10   0x0000002c   Code   RO         1182    i.bsp_dac_get_voltage  bsp_dac.o
    0x08001f3c   0x00000054   Code   RO         1183    i.bsp_dac_init      bsp_dac.o
    0x08001f90   0x00000058   Code   RO         1184    i.bsp_dac_set_voltage  bsp_dac.o
    0x08001fe8   0x00000074   Code   RO          831    i.bsp_spi1_dma_enable_rx  bsp_spi1_dma.o
    0x0800205c   0x00000078   Code   RO          832    i.bsp_spi1_dma_enable_tx  bsp_spi1_dma.o
    0x080020d4   0x0000002c   Code   RO          833    i.bsp_spi1_dma_get_byte  bsp_spi1_dma.o
    0x08002100   0x00000022   Code   RO          834    i.bsp_spi1_dma_get_data  bsp_spi1_dma.o
    0x08002122   0x00000002   PAD
    0x08002124   0x00000184   Code   RO          835    i.bsp_spi1_dma_init  bsp_spi1_dma.o
    0x080022a8   0x00000020   Code   RO          836    i.bsp_spi1_dma_put_byte  bsp_spi1_dma.o
    0x080022c8   0x00000014   Code   RO          839    i.bsp_spi1_dma_set_rx_size  bsp_spi1_dma.o
    0x080022dc   0x000000f0   Code   RO         1023    i.bsp_tim1_pwm_init  bsp_tim1_pwm.o
    0x080023cc   0x0000003c   Code   RO         1024    i.bsp_tim1_pwm_is_enabled  bsp_tim1_pwm.o
    0x08002408   0x00000024   Code   RO         1025    i.bsp_tim1_pwm_set_count  bsp_tim1_pwm.o
    0x0800242c   0x00000054   Code   RO         1026    i.bsp_tim1_pwm_set_duty_cycle  bsp_tim1_pwm.o
    0x08002480   0x0000002c   Code   RO         1027    i.bsp_tim1_pwm_set_period  bsp_tim1_pwm.o
    0x080024ac   0x00000010   Code   RO         1028    i.bsp_tim1_pwm_set_resolution  bsp_tim1_pwm.o
    0x080024bc   0x00000094   Code   RO         1029    i.bsp_tim1_pwm_start  bsp_tim1_pwm.o
    0x08002550   0x000000a0   Code   RO         1030    i.bsp_tim1_pwm_stop  bsp_tim1_pwm.o
    0x080025f0   0x00000070   Code   RO         1114    i.bsp_tim2_events_forget_event  bsp_tim2_events.o
    0x08002660   0x00000078   Code   RO         1115    i.bsp_tim2_events_init  bsp_tim2_events.o
    0x080026d8   0x0000003c   Code   RO          940    i.bsp_tim4_ic_get_frequency  bsp_tim3_ic.o
    0x08002714   0x000000d8   Code   RO          941    i.bsp_tim4_ic_init  bsp_tim3_ic.o
    0x080027ec   0x00000014   Code   RO          942    i.bsp_tim4_ic_is_captured  bsp_tim3_ic.o
    0x08002800   0x0000002c   Code   RO          943    i.bsp_tim4_ic_set_limit  bsp_tim3_ic.o
    0x0800282c   0x00000010   Code   RO          944    i.bsp_tim4_ic_set_resolution  bsp_tim3_ic.o
    0x0800283c   0x00000088   Code   RO          945    i.bsp_tim4_ic_start_capture  bsp_tim3_ic.o
    0x080028c4   0x0000003c   Code   RO          946    i.bsp_tim4_ic_stop_capture  bsp_tim3_ic.o
    0x08002900   0x00000040   Code   RO          752    i.bsp_uart1_put_byte  bsp_uart1.o
    0x08002940   0x00000054   Code   RO         1119    i.calculate_next_ccr  bsp_tim2_events.o
    0x08002994   0x0000000c   Code   RO          640    i.debug_init        debug_print.o
    0x080029a0   0x00000018   Code   RO          641    i.fputc             debug_print.o
    0x080029b8   0x0000006c   Code   RO            4    i.main              main.o
    0x08002a24   0x0000008a   Code   RO          552    i.modbus_protocol_create_frame  modbus_protocol.o
    0x08002aae   0x00000002   PAD
    0x08002ab0   0x00000014   Code   RO          553    i.modbus_protocol_get_frame  modbus_protocol.o
    0x08002ac4   0x000000ac   Code   RO          554    i.modbus_protocol_parse_byte  modbus_protocol.o
    0x08002b70   0x0000001c   Code   RO          555    i.modbus_protocol_parse_data  modbus_protocol.o
    0x08002b8c   0x0000000c   Code   RO          556    i.modbus_protocol_reset  modbus_protocol.o
    0x08002b98   0x000000d4   Code   RO          330    i.modbus_register_init  app_callbacks.o
    0x08002c6c   0x00000008   Code   RO          596    i.modbus_register_make_int16  modbus_register.o
    0x08002c74   0x0000001c   Code   RO          597    i.modbus_register_read_value  modbus_register.o
    0x08002c90   0x00000018   Code   RO          599    i.modbus_register_set_readonly  modbus_register.o
    0x08002ca8   0x00000040   Code   RO          600    i.modbus_register_set_value  modbus_register.o
    0x08002ce8   0x00000048   Code   RO          467    i.modbus_rtu_callback_handler  modbus_control.o
    0x08002d30   0x0000000c   Code   RO          468    i.modbus_rtu_disable_callback_handler  modbus_control.o
    0x08002d3c   0x00000010   Code   RO          470    i.modbus_rtu_init   modbus_control.o
    0x08002d4c   0x00000028   Code   RO          471    i.modbus_rtu_pop_data_byte  modbus_control.o
    0x08002d74   0x000000c0   Code   RO          472    i.modbus_rtu_process_input  modbus_control.o
    0x08002e34   0x00000024   Code   RO          473    i.modbus_rtu_push_response_byte  modbus_control.o
    0x08002e58   0x00000018   Code   RO          474    i.modbus_rtu_register_callback  modbus_control.o
    0x08002e70   0x00000054   Code   RO          475    i.modbus_rtu_send_frame  modbus_control.o
    0x08002ec4   0x00000062   Code   RO          476    i.modbus_rtu_validate_read_holding_register  modbus_control.o
    0x08002f26   0x00000064   Code   RO          477    i.modbus_rtu_validate_write_single_register  modbus_control.o
    0x08002f8a   0x00000004   Code   RO          331    i.modbus_rx_wrapper  app_callbacks.o
    0x08002f8e   0x00000002   PAD
    0x08002f90   0x00000024   Code   RO          332    i.modbus_tx_wrapper  app_callbacks.o
    0x08002fb4   0x0000003c   Code   RO          333    i.spi1_dma_rx_callback  app_callbacks.o
    0x08002ff0   0x00000004   Code   RO          334    i.spi1_dma_tx_callback  app_callbacks.o
    0x08002ff4   0x00000008   Data   RO          689    .constdata          stm32vl_discovery.o
    0x08002ffc   0x00000058   Data   RO          841    .constdata          bsp_spi1_dma.o
    0x08003054   0x00000010   Data   RO         4353    .constdata          system_stm32f1xx.o
    0x08003064   0x00000020   Data   RO         4710    Region$$Table       anon$$obj.o


    Execution Region RW_IRAM1 (Base: 0x20000000, Size: 0x00000d38, Max: 0x00002000, ABSOLUTE)

    Base Addr    Size         Type   Attr      Idx    E Section Name        Object

    0x20000000   0x00000006   Data   RW          336    .data               app_callbacks.o
    0x20000006   0x00000002   PAD
    0x20000008   0x0000000c   Data   RW          479    .data               modbus_control.o
    0x20000014   0x00000008   Data   RW          558    .data               modbus_protocol.o
    0x2000001c   0x00000004   Data   RW          642    .data               debug_print.o
    0x20000020   0x00000004   Data   RW          643    .data               debug_print.o
    0x20000024   0x0000000c   Data   RW          690    .data               stm32vl_discovery.o
    0x20000030   0x00000010   Data   RW          756    .data               bsp_uart1.o
    0x20000040   0x00000014   Data   RW          842    .data               bsp_spi1_dma.o
    0x20000054   0x00000014   Data   RW          948    .data               bsp_tim3_ic.o
    0x20000068   0x00000008   Data   RW         1031    .data               bsp_tim1_pwm.o
    0x20000070   0x00000001   Data   RW         1121    .data               bsp_tim2_events.o
    0x20000071   0x00000003   PAD
    0x20000074   0x00000004   Data   RW         3942    .data               stm32f1xx_hal.o
    0x20000078   0x00000001   Data   RW         4065    .data               stm32f1xx_hal_spi_ex.o
    0x20000079   0x00000003   PAD
    0x2000007c   0x00000004   Data   RW         4355    .data               system_stm32f1xx.o
    0x20000080   0x00000014   Zero   RW          335    .bss                app_callbacks.o
    0x20000094   0x0000036d   Zero   RW          478    .bss                modbus_control.o
    0x20000401   0x00000205   Zero   RW          557    .bss                modbus_protocol.o
    0x20000606   0x000000c8   Zero   RW          601    .bss                modbus_register.o
    0x200006ce   0x000000c8   Zero   RW          755    .bss                bsp_uart1.o
    0x20000796   0x0000011e   Zero   RW          840    .bss                bsp_spi1_dma.o
    0x200008b4   0x00000050   Zero   RW          947    .bss                bsp_tim3_ic.o
    0x20000904   0x00000030   Zero   RW         1120    .bss                bsp_tim2_events.o
    0x20000934   0x00000004   PAD
    0x20000938   0x00000400   Zero   RW         4386    STACK               startup_stm32f100xb.o


==============================================================================

Image component sizes


      Code (inc. data)   RO Data    RW Data    ZI Data      Debug   Object Name

      1600        550          0          6         20      13821   app_callbacks.o
       212         20          0          0          0       1933   app_init.o
       216         32          0          0          0       2631   bsp_dac.o
       972        126         88         20        286      32345   bsp_spi1_dma.o
      1030         94          0          8          0      30486   bsp_tim1_pwm.o
       662         28          0          1         48       6152   bsp_tim2_events.o
      1018         72          0         20         80       9119   bsp_tim3_ic.o
       232         28          0         16        200      25628   bsp_uart1.o
        36         12          0          8          0       3179   debug_print.o
       108          0          0          0          0     284763   main.o
       674         60          0         12        877       9622   modbus_control.o
       404         26          0          8        517       5693   modbus_protocol.o
       124         18          0          0        200       4936   modbus_register.o
        36          8        288          0       1024        824   startup_stm32f100xb.o
       120         18          0          4          0       4693   stm32f1xx_hal.o
       194         14          0          0          0      26219   stm32f1xx_hal_cortex.o
       100          8          0          0          0       1199   stm32f1xx_hal_dma.o
       454         36          0          0          0       3096   stm32f1xx_hal_gpio.o
      1148         82          0          0          0       4230   stm32f1xx_hal_rcc.o
         2          0          0          0          0       1182   stm32f1xx_hal_spi.o
       128          6          0          1          0       1574   stm32f1xx_hal_spi_ex.o
       836         44          0          0          0       8562   stm32f1xx_hal_tim.o
        92         12          8         12          0       2113   stm32vl_discovery.o
        76         16         16          4          0       1323   system_stm32f1xx.o

    ----------------------------------------------------------------------
     10488       1310        432        128       3256     485323   Object Totals
         0          0         32          0          0          0   (incl. Generated)
        14          0          0          8          4          0   (incl. Padding)

    ----------------------------------------------------------------------

      Code (inc. data)   RO Data    RW Data    ZI Data      Debug   Library Member Name

         0          0          0          0          0          0   entry.o
         0          0          0          0          0          0   entry10a.o
         0          0          0          0          0          0   entry11a.o
         8          4          0          0          0          0   entry2.o
         4          0          0          0          0          0   entry5.o
         0          0          0          0          0          0   entry7b.o
         0          0          0          0          0          0   entry8b.o
         8          4          0          0          0          0   entry9a.o
        30          0          0          0          0          0   handlers.o
        36          8          0          0          0         68   init.o
         0          0          0          0          0          0   iusefp.o
        30          0          0          0          0         68   llshl.o
        32          0          0          0          0         68   llushr.o
        36          0          0          0          0         68   memcpya.o
        36          0          0          0          0        108   memseta.o
       472         14          0          0          0        184   printf3.o
        44          0          0          0          0         80   uidiv.o
       222          0          0          0          0        100   ddiv.o
       186          0          0          0          0        176   depilogue.o
        50          0          0          0          0         76   dfixui.o
        26          0          0          0          0         76   dfltui.o
       228          0          0          0          0         96   dmul.o
        46          0          0          0          0         80   dscalb.o

    ----------------------------------------------------------------------
      1500         30          0          0          0       1248   Library Totals
         6          0          0          0          0          0   (incl. Padding)

    ----------------------------------------------------------------------

      Code (inc. data)   RO Data    RW Data    ZI Data      Debug   Library Name

       736         30          0          0          0        644   mc_w.l
       758          0          0          0          0        604   mf_w.l

    ----------------------------------------------------------------------
      1500         30          0          0          0       1248   Library Totals

    ----------------------------------------------------------------------

==============================================================================


      Code (inc. data)   RO Data    RW Data    ZI Data      Debug   

     11988       1340        432        128       3256     480119   Grand Totals
     11988       1340        432        128       3256     480119   ELF Image Totals
     11988       1340        432        128          0          0   ROM Totals

==============================================================================

    Total RO  Size (Code + RO Data)                12420 (  12.13kB)
    Total RW  Size (RW Data + ZI Data)              3384 (   3.30kB)
    Total ROM Size (Code + RO Data + RW Data)      12548 (  12.25kB)

==============================================================================

